Archive member included to satisfy reference by file (symbol)

app/libapp.a(main.c.obj)      (--whole-archive)
app/libapp.a(bt.c.obj)        (--whole-archive)
app/libapp.a(dfu_ble.c.obj)   (--whole-archive)
app/libapp.a(image.c.obj)     (--whole-archive)
zephyr/libzephyr.a(crc32_sw.c.obj)
                              (--whole-archive)
zephyr/libzephyr.a(crc16_sw.c.obj)
                              (--whole-archive)
zephyr/libzephyr.a(crc8_sw.c.obj)
                              (--whole-archive)
zephyr/libzephyr.a(crc7_sw.c.obj)
                              (--whole-archive)
zephyr/libzephyr.a(dec.c.obj)
                              (--whole-archive)
zephyr/libzephyr.a(fdtable.c.obj)
                              (--whole-archive)
zephyr/libzephyr.a(hex.c.obj)
                              (--whole-archive)
zephyr/libzephyr.a(mempool.c.obj)
                              (--whole-archive)
zephyr/libzephyr.a(rb.c.obj)  (--whole-archive)
zephyr/libzephyr.a(sem.c.obj)
                              (--whole-archive)
zephyr/libzephyr.a(thread_entry.c.obj)
                              (--whole-archive)
zephyr/libzephyr.a(timeutil.c.obj)
                              (--whole-archive)
zephyr/libzephyr.a(work_q.c.obj)
                              (--whole-archive)
zephyr/libzephyr.a(printk.c.obj)
                              (--whole-archive)
zephyr/libzephyr.a(ring_buffer.c.obj)
                              (--whole-archive)
zephyr/libzephyr.a(configs.c.obj)
                              (--whole-archive)
zephyr/libzephyr.a(validate_base_addresses.c.obj)
                              (--whole-archive)
zephyr/libzephyr.a(utils.c.obj)
                              (--whole-archive)
zephyr/libzephyr.a(aes_decrypt.c.obj)
                              (--whole-archive)
zephyr/libzephyr.a(aes_encrypt.c.obj)
                              (--whole-archive)
zephyr/libzephyr.a(cmac_mode.c.obj)
                              (--whole-archive)
zephyr/libzephyr.a(fnmatch.c.obj)
                              (--whole-archive)
zephyr/libzephyr.a(log_list.c.obj)
                              (--whole-archive)
zephyr/libzephyr.a(log_core.c.obj)
                              (--whole-archive)
zephyr/libzephyr.a(log_msg.c.obj)
                              (--whole-archive)
zephyr/libzephyr.a(log_output.c.obj)
                              (--whole-archive)
zephyr/libzephyr.a(log_cmds.c.obj)
                              (--whole-archive)
zephyr/libzephyr.a(kernel_service.c.obj)
                              (--whole-archive)
zephyr/libzephyr.a(shell.c.obj)
                              (--whole-archive)
zephyr/libzephyr.a(shell_fprintf.c.obj)
                              (--whole-archive)
zephyr/libzephyr.a(shell_utils.c.obj)
                              (--whole-archive)
zephyr/libzephyr.a(shell_ops.c.obj)
                              (--whole-archive)
zephyr/libzephyr.a(shell_uart.c.obj)
                              (--whole-archive)
zephyr/libzephyr.a(shell_help.c.obj)
                              (--whole-archive)
zephyr/libzephyr.a(shell_cmds.c.obj)
                              (--whole-archive)
zephyr/libzephyr.a(shell_history.c.obj)
                              (--whole-archive)
zephyr/libzephyr.a(shell_log_backend.c.obj)
                              (--whole-archive)
zephyr/libzephyr.a(shell_wildcard.c.obj)
                              (--whole-archive)
zephyr/libzephyr.a(mcuboot.c.obj)
                              (--whole-archive)
zephyr/libzephyr.a(flash_img.c.obj)
                              (--whole-archive)
zephyr/libzephyr.a(addr_utils.c.obj)
                              (--whole-archive)
zephyr/libzephyr.a(flash_map.c.obj)
                              (--whole-archive)
zephyr/libzephyr.a(flash_map_default.c.obj)
                              (--whole-archive)
zephyr/libzephyr.a(power.c.obj)
                              (--whole-archive)
zephyr/libzephyr.a(reboot.c.obj)
                              (--whole-archive)
zephyr/libzephyr.a(policy_residency.c.obj)
                              (--whole-archive)
zephyr/libzephyr.a(uart_console.c.obj)
                              (--whole-archive)
zephyr/libzephyr.a(nrf_power_clock.c.obj)
                              (--whole-archive)
zephyr/libzephyr.a(sys_clock_init.c.obj)
                              (--whole-archive)
zephyr/libzephyr.a(nrf_rtc_timer.c.obj)
                              (--whole-archive)
zephyr/arch/common/libarch__common.a(isr_tables.c.obj)
                              (--whole-archive)
zephyr/arch/common/libarch__common.a(sw_isr_common.c.obj)
                              (--whole-archive)
zephyr/arch/arch/arm/core/libarch__arm__core.a(exc_exit.S.obj)
                              (--whole-archive)
zephyr/arch/arch/arm/core/libarch__arm__core.a(swap.c.obj)
                              (--whole-archive)
zephyr/arch/arch/arm/core/libarch__arm__core.a(swap_helper.S.obj)
                              (--whole-archive)
[...]
Memory Configuration

Name             Origin             Length             Attributes
FLASH            0x000000000000c000 0x0000000000067000 xr
SRAM             0x0000000020000000 0x0000000000040000 xw
IDT_LIST         0x0000000020040000 0x0000000000000800 xw
*default*        0x0000000000000000 0xffffffffffffffff

Linker script and memory map

LOAD zephyr/CMakeFiles/zephyr_prebuilt.dir/misc/empty_file.c.obj
                0x0000000000000020                _region_min_align = 0x20

.rel.plt        0x000000000000c000        0x0
 *(SORT_BY_ALIGNMENT(.rel.plt))
                [!provide]                        PROVIDE (__rel_iplt_start = .)
 *(SORT_BY_ALIGNMENT(.rel.iplt))
 .rel.iplt      0x000000000000c000        0x0 app/libapp.a(main.c.obj)
                [!provide]                        PROVIDE (__rel_iplt_end = .)

.rela.plt       0x0000000000000000        0x0
 *(SORT_BY_ALIGNMENT(.rela.plt))
                [!provide]                        PROVIDE (__rela_iplt_start = .)
 *(SORT_BY_ALIGNMENT(.rela.iplt))
                [!provide]                        PROVIDE (__rela_iplt_end = .)

.rel.dyn
 *(SORT_BY_ALIGNMENT(.rel.*))

.rela.dyn
 *(SORT_BY_ALIGNMENT(.rela.*))

/DISCARD/
 *(SORT_BY_ALIGNMENT(.plt))
 *(SORT_BY_ALIGNMENT(.iplt))
 *(SORT_BY_ALIGNMENT(.got.plt))
 *(SORT_BY_ALIGNMENT(.igot.plt))
 *(SORT_BY_ALIGNMENT(.got))
 *(SORT_BY_ALIGNMENT(.igot))
 *(SORT_BY_ALIGNMENT(.note.GNU-stack))
                0x000000000000c000                _image_rom_start = 0xc000

text            0x000000000000c000      0x300
                0x0000000000000200                . = 0x200
 *fill*         0x000000000000c000      0x200 
                0x000000000000c200                _vector_start = .
 *(SORT_BY_ALIGNMENT(.exc_vector_table))
 *(SORT_BY_ALIGNMENT(.exc_vector_table.*))
 .exc_vector_table._vector_table_section
                0x000000000000c200       0x40 zephyr/arch/arch/arm/core/cortex_m/libarch__arm__core__cortex_m.a(vector_table.S.obj)
                0x000000000000c200                _vector_table
 *(SORT_BY_ALIGNMENT(.gnu.linkonce.irq_vector_table))
 .gnu.linkonce.irq_vector_table
                0x000000000000c240       0xc0 zephyr/arch/common/libarch__common.a(isr_tables.c.obj)
                0x000000000000c240                _irq_vector_table
 *(SORT_BY_ALIGNMENT(.vectors))
 *(SORT_BY_ALIGNMENT(.openocd_dbg))
 *(SORT_BY_ALIGNMENT(.openocd_dbg.*))
                0x000000000000c300                _vector_end = .

_TEXT_SECTION_NAME_2
                0x000000000000c300    0x215ac
                0x000000000000c300                _image_text_start = .
 *(SORT_BY_ALIGNMENT(.text))
 .text          0x000000000000c300       0x30 /home/alfredo/zephyr-sdk-0.10.3/arm-zephyr-eabi/bin/../lib/gcc/arm-zephyr-eabi/8.3.0/thumb/v7e-m/nofp/libgcc.a(_aeabi_uldivmod.o)
                0x000000000000c300                __aeabi_uldivmod
 .text          0x000000000000c330        0x4 /home/alfredo/zephyr-sdk-0.10.3/arm-zephyr-eabi/bin/../lib/gcc/arm-zephyr-eabi/8.3.0/thumb/v7e-m/nofp/libgcc.a(_dvmd_tls.o)
                0x000000000000c330                __aeabi_ldiv0
                0x000000000000c330                __aeabi_idiv0
 .text          0x000000000000c334      0x2b4 /home/alfredo/zephyr-sdk-0.10.3/arm-zephyr-eabi/bin/../lib/gcc/arm-zephyr-eabi/8.3.0/thumb/v7e-m/nofp/libgcc.a(_udivmoddi4.o)
                0x000000000000c334                __udivmoddi4
 *(SORT_BY_ALIGNMENT(.text.*))
 .text.ll_adv_enable
                0x000000000000c5e8      0x45c zephyr/subsys/bluetooth/controller/libsubsys__bluetooth__controller.a(ull_adv.c.obj)
                0x000000000000c5e8                ll_adv_enable
 *fill*         0x000000000000ca44        0x4 
 .text.ull_scan_params_set
                0x000000000000ca48       0x44 zephyr/subsys/bluetooth/controller/libsubsys__bluetooth__controller.a(ull_scan.c.obj)
                0x000000000000ca48                ull_scan_params_set
 *fill*         0x000000000000ca8c        0x4 
 .text.ull_scan_enable
                0x000000000000ca90      0x150 zephyr/subsys/bluetooth/controller/libsubsys__bluetooth__controller.a(ull_scan.c.obj)
                0x000000000000ca90                ull_scan_enable
 .text.ll_scan_params_set
                0x000000000000cbe0       0x64 zephyr/subsys/bluetooth/controller/libsubsys__bluetooth__controller.a(ull_scan.c.obj)
                0x000000000000cbe0                ll_scan_params_set
 *fill*         0x000000000000cc44        0x4 
 .text.isr_rx   0x000000000000cc48      0x55c zephyr/subsys/bluetooth/controller/libsubsys__bluetooth__controller.a(lll_scan.c.obj)
 *fill*         0x000000000000d1a4        0x4 
 .text.ull_conn_llcp
                0x000000000000d1a8     0x12a4 zephyr/subsys/bluetooth/controller/libsubsys__bluetooth__controller.a(ull_conn.c.obj)
                0x000000000000d1a8                ull_conn_llcp
 *fill*         0x000000000000e44c        0x4 
 .text.ull_slave_setup
                0x000000000000e450      0x3b4 zephyr/subsys/bluetooth/controller/libsubsys__bluetooth__controller.a(ull_slave.c.obj)
                0x000000000000e450                ull_slave_setup
 *fill*         0x000000000000e804        0x4 
 .text.ull_slave_done
                0x000000000000e808       0x6c zephyr/subsys/bluetooth/controller/libsubsys__bluetooth__controller.a(ull_slave.c.obj)
                0x000000000000e808                ull_slave_done
 *fill*         0x000000000000e874        0x4 
 .text.ull_master_setup
                0x000000000000e878      0x25c zephyr/subsys/bluetooth/controller/libsubsys__bluetooth__controller.a(ull_master.c.obj)
                0x000000000000e878                ull_master_setup
 *fill*         0x000000000000ead4        0x4 
 .text.erase_op
                0x000000000000ead8       0x8c zephyr/drivers/flash/libdrivers__flash.a(soc_flash_nrf.c.obj)
 *fill*         0x000000000000eb64        0x4 
 .text.work_in_time_slice
                0x000000000000eb68       0xe8 zephyr/drivers/flash/libdrivers__flash.a(soc_flash_nrf.c.obj)
 .text.write_op
                0x000000000000ec50      0x104 zephyr/drivers/flash/libdrivers__flash.a(soc_flash_nrf.c.obj)
 .text.main     0x000000000000ed54       0xb4 app/libapp.a(main.c.obj)
                0x000000000000ed54                main
 .text.bt_addr_le_to_str
                0x000000000000ee08       0x78 app/libapp.a(bt.c.obj)
 .text.le_param_updated
                0x000000000000ee80        0xc app/libapp.a(bt.c.obj)
 .text.le_param_req
                0x000000000000ee8c       0x20 app/libapp.a(bt.c.obj)
 .text.cmd_id_show
                0x000000000000eeac       0x68 app/libapp.a(bt.c.obj)
 .text.device_found
                0x000000000000ef14       0x4c app/libapp.a(bt.c.obj)
 .text.cmd_scan
                0x000000000000ef60      0x108 app/libapp.a(bt.c.obj)
 .text.bt_ready
                0x000000000000f068       0x78 app/libapp.a(bt.c.obj)
 .text.cmd_bt   0x000000000000f0e0       0x2c app/libapp.a(bt.c.obj)
 .text.str2bt_addr_le
                0x000000000000f10c       0x60 app/libapp.a(bt.c.obj)
 .text.cmd_disconnect
                0x000000000000f16c       0x88 app/libapp.a(bt.c.obj)
 .text.cmd_connect_le
                0x000000000000f1f4       0x70 app/libapp.a(bt.c.obj)
 .text.disconnected
                0x000000000000f264       0x3c app/libapp.a(bt.c.obj)
 .text.connected
                0x000000000000f2a0       0x58 app/libapp.a(bt.c.obj)
 .text.bt_init  0x000000000000f2f8       0x20 app/libapp.a(bt.c.obj)
                0x000000000000f2f8                bt_init
 .text.find_connection
                0x000000000000f318       0x2c app/libapp.a(dfu_ble.c.obj)
 .text.read_efu_chr_vrs
                0x000000000000f344       0x3c app/libapp.a(dfu_ble.c.obj)
 .text.read_efu_chr_hw_tp
                0x000000000000f380       0x40 app/libapp.a(dfu_ble.c.obj)
 .text.write_func
                0x000000000000f3c0       0x10 app/libapp.a(dfu_ble.c.obj)
 .text.exchange_func
                0x000000000000f3d0       0xcc app/libapp.a(dfu_ble.c.obj)
 .text.cmd_show_connections
                0x000000000000f49c       0x90 app/libapp.a(dfu_ble.c.obj)
 .text.cmd_dfu  0x000000000000f52c       0x2c app/libapp.a(dfu_ble.c.obj)
 .text.read_func
                0x000000000000f558      0x148 app/libapp.a(dfu_ble.c.obj)
 .text.discover_func
                0x000000000000f6a0      0x1dc app/libapp.a(dfu_ble.c.obj)
 .text.dfu_bt_chr_write
                0x000000000000f87c       0x5c app/libapp.a(dfu_ble.c.obj)
 .text.dfu_init
                0x000000000000f8d8      0x1b4 app/libapp.a(dfu_ble.c.obj)
                0x000000000000f8d8                dfu_init
 .text.init_write
                0x000000000000fa8c       0xe4 app/libapp.a(dfu_ble.c.obj)
                0x000000000000fa8c                init_write
 .text.dfu_bt_register
                0x000000000000fb70       0x48 app/libapp.a(dfu_ble.c.obj)
                0x000000000000fb70                dfu_bt_register
 .text.dfu_bt_unregister
                0x000000000000fbb8       0x48 app/libapp.a(dfu_ble.c.obj)
                0x000000000000fbb8                dfu_bt_unregister
 .text.dfu_mode
                0x000000000000fc00       0x7c app/libapp.a(dfu_ble.c.obj)
                0x000000000000fc00                dfu_mode
 .text.cmd_mode
                0x000000000000fc7c       0x2c app/libapp.a(dfu_ble.c.obj)
 .text.dfu_connect
                0x000000000000fca8      0x1b8 app/libapp.a(dfu_ble.c.obj)
                0x000000000000fca8                dfu_connect
 .text.dfu_disconnect
                0x000000000000fe60       0x80 app/libapp.a(dfu_ble.c.obj)
                0x000000000000fe60                dfu_disconnect
 .text.send_request_write
                0x000000000000fee0      0x18c app/libapp.a(dfu_ble.c.obj)
                0x000000000000fee0                send_request_write
 .text.send_request_read
                0x000000000001006c      0x138 app/libapp.a(dfu_ble.c.obj)
                0x000000000001006c                send_request_read
 .text.send_channel
                0x00000000000101a4       0xb8 app/libapp.a(dfu_ble.c.obj)
                0x00000000000101a4                send_channel
 .text.process_get_requests
                0x000000000001025c      0x1c0 app/libapp.a(dfu_ble.c.obj)
                0x000000000001025c                process_get_requests
 .text.dfu_swap_slots
                0x000000000001041c       0x88 app/libapp.a(dfu_ble.c.obj)
                0x000000000001041c                dfu_swap_slots
 .text.process_set_requests
                0x00000000000104a4      0x25c app/libapp.a(dfu_ble.c.obj)
                0x00000000000104a4                process_set_requests
 .text.process_replies
                0x0000000000010700      0x354 app/libapp.a(dfu_ble.c.obj)
                0x0000000000010700                process_replies
 .text.receive_channel
                0x0000000000010a54      0x140 app/libapp.a(dfu_ble.c.obj)
                0x0000000000010a54                receive_channel
 .text.char_out
                0x0000000000010b94       0x10 zephyr/libzephyr.a(printk.c.obj)
 .text._printk_dec_ulong
                0x0000000000010ba4       0x98 zephyr/libzephyr.a(printk.c.obj)
 .text.__printk_hook_install
                0x0000000000010c3c        0xc zephyr/libzephyr.a(printk.c.obj)
                0x0000000000010c3c                __printk_hook_install
 .text.vprintk  0x0000000000010c48       0x1c zephyr/libzephyr.a(printk.c.obj)
                0x0000000000010c48                vprintk
 .text.vsnprintk
                0x0000000000010c64       0x28 zephyr/libzephyr.a(printk.c.obj)
                0x0000000000010c64                vsnprintk
 .text.tc_aes128_set_encrypt_key
                0x0000000000010c8c       0xac zephyr/libzephyr.a(aes_encrypt.c.obj)
                0x0000000000010c8c                tc_aes128_set_encrypt_key
 .text.tc_aes_encrypt
                0x0000000000010d38       0xd4 zephyr/libzephyr.a(aes_encrypt.c.obj)
                0x0000000000010d38                tc_aes_encrypt
 .text.enable_logger
                0x0000000000010e0c       0x54 zephyr/libzephyr.a(log_core.c.obj)
 .text.log_process_thread_timer_expiry_fn
                0x0000000000010e60        0xc zephyr/libzephyr.a(log_core.c.obj)
 .text.log_core_init
                0x0000000000010e6c       0x74 zephyr/libzephyr.a(log_core.c.obj)
                0x0000000000010e6c                log_core_init
 .text.dropped_notify
                0x0000000000010ee0       0x4c zephyr/libzephyr.a(log_core.c.obj)
                0x0000000000010ee0                dropped_notify
 .text.log_dropped
                0x0000000000010f2c       0x20 zephyr/libzephyr.a(log_core.c.obj)
                0x0000000000010f2c                log_dropped
 .text.log_source_name_get
                0x0000000000010f4c       0x1c zephyr/libzephyr.a(log_core.c.obj)
                0x0000000000010f4c                log_source_name_get
 .text.z_impl_log_filter_set
                0x0000000000010f68       0xa4 zephyr/libzephyr.a(log_core.c.obj)
                0x0000000000010f68                z_impl_log_filter_set
 .text.backend_filter_set
                0x000000000001100c       0x30 zephyr/libzephyr.a(log_core.c.obj)
 .text.log_backend_enable
                0x000000000001103c       0x40 zephyr/libzephyr.a(log_core.c.obj)
                0x000000000001103c                log_backend_enable
 .text.log_init
                0x000000000001107c       0x54 zephyr/libzephyr.a(log_core.c.obj)
                0x000000000001107c                log_init
 .text.log_filter_get
                0x00000000000110d0       0x2c zephyr/libzephyr.a(log_core.c.obj)
                0x00000000000110d0                log_filter_get
 .text.log_strdup
                0x00000000000110fc       0x6c zephyr/libzephyr.a(log_core.c.obj)
                0x00000000000110fc                log_strdup
 .text.log_is_strdup
                0x0000000000011168       0x1c zephyr/libzephyr.a(log_core.c.obj)
                0x0000000000011168                log_is_strdup
 .text.z_impl_log_process
                0x0000000000011184      0x1b8 zephyr/libzephyr.a(log_core.c.obj)
                0x0000000000011184                z_impl_log_process
 .text.msg_finalize
                0x000000000001133c       0xb8 zephyr/libzephyr.a(log_core.c.obj)
 .text.log_process_thread_func
                0x00000000000113f4       0x44 zephyr/libzephyr.a(log_core.c.obj)
 .text.z_impl_log_panic
                0x0000000000011438       0x48 zephyr/libzephyr.a(log_core.c.obj)
                0x0000000000011438                z_impl_log_panic
 .text.log_free
                0x0000000000011480       0x34 zephyr/libzephyr.a(log_core.c.obj)
                0x0000000000011480                log_free
 .text.log_msg_pool_init
                0x00000000000114b4       0x14 zephyr/libzephyr.a(log_msg.c.obj)
                0x00000000000114b4                log_msg_pool_init
 .text.log_msg_no_space_handle
                0x00000000000114c8       0x30 zephyr/libzephyr.a(log_msg.c.obj)
                0x00000000000114c8                log_msg_no_space_handle
 .text.log_msg_chunk_alloc
                0x00000000000114f8       0x24 zephyr/libzephyr.a(log_msg.c.obj)
                0x00000000000114f8                log_msg_chunk_alloc
 .text.msg_free
                0x000000000001151c       0x64 zephyr/libzephyr.a(log_msg.c.obj)
 .text.print_formatted
                0x0000000000011580       0x24 zephyr/libzephyr.a(log_output.c.obj)
 .text.prefix_print
                0x00000000000115a4      0x11c zephyr/libzephyr.a(log_output.c.obj)
 .text.postfix_print
                0x00000000000116c0       0x3c zephyr/libzephyr.a(log_output.c.obj)
 .text.hexdump_line_print
                0x00000000000116fc       0xd8 zephyr/libzephyr.a(log_output.c.obj)
 .text.log_output_msg_process
                0x00000000000117d4       0xec zephyr/libzephyr.a(log_output.c.obj)
                0x00000000000117d4                log_output_msg_process
 .text.log_output_dropped_process
                0x00000000000118c0       0x54 zephyr/libzephyr.a(log_output.c.obj)
                0x00000000000118c0                log_output_dropped_process
 .text.log_output_timestamp_freq_set
                0x0000000000011914       0x30 zephyr/libzephyr.a(log_output.c.obj)
                0x0000000000011914                log_output_timestamp_freq_set
 .text.severity_lvl_get
                0x0000000000011944       0x24 zephyr/libzephyr.a(log_cmds.c.obj)
 .text.backend_name_get
                0x0000000000011968       0x30 zephyr/libzephyr.a(log_cmds.c.obj)
 .text.cmd_log_backends_list
                0x0000000000011998       0x60 zephyr/libzephyr.a(log_cmds.c.obj)
 .text.log_status
                0x00000000000119f8       0xac zephyr/libzephyr.a(log_cmds.c.obj)
 .text.module_name_get
                0x0000000000011aa4       0x20 zephyr/libzephyr.a(log_cmds.c.obj)
 .text.shell_backend_cmd_execute
                0x0000000000011ac4       0x7c zephyr/libzephyr.a(log_cmds.c.obj)
 .text.cmd_log_backend_status
                0x0000000000011b40       0x10 zephyr/libzephyr.a(log_cmds.c.obj)
 .text.cmd_log_backend_halt
                0x0000000000011b50        0xc zephyr/libzephyr.a(log_cmds.c.obj)
 .text.cmd_log_backend_go
                0x0000000000011b5c        0xc zephyr/libzephyr.a(log_cmds.c.obj)
 .text.cmd_log_backend_enable
                0x0000000000011b68        0xc zephyr/libzephyr.a(log_cmds.c.obj)
 .text.cmd_log_backend_disable
                0x0000000000011b74        0xc zephyr/libzephyr.a(log_cmds.c.obj)
 .text.shell_state_precheck
                0x0000000000011b80       0x20 zephyr/libzephyr.a(log_cmds.c.obj)
 .text.filters_set
                0x0000000000011ba0       0xd0 zephyr/libzephyr.a(log_cmds.c.obj)
 .text.log_enable
                0x0000000000011c70       0x60 zephyr/libzephyr.a(log_cmds.c.obj)
 .text.cmd_kernel_version
                0x0000000000011cd0       0x2c zephyr/libzephyr.a(kernel_service.c.obj)
 .text.cmd_kernel_uptime
                0x0000000000011cfc       0x1c zephyr/libzephyr.a(kernel_service.c.obj)
 .text.cmd_kernel_cycles
                0x0000000000011d18       0x1c zephyr/libzephyr.a(kernel_service.c.obj)
 .text.history_handle
                0x0000000000011d34       0xa4 zephyr/libzephyr.a(shell.c.obj)
 .text.execute  0x0000000000011dd8      0x270 zephyr/libzephyr.a(shell.c.obj)
 .text.shell_process
                0x0000000000012048      0x75c zephyr/libzephyr.a(shell.c.obj)
                0x0000000000012048                shell_process
 .text.shell_init
                0x00000000000127a4       0xf4 zephyr/libzephyr.a(shell.c.obj)
                0x00000000000127a4                shell_init
 .text.shell_start
                0x0000000000012898       0x30 zephyr/libzephyr.a(shell.c.obj)
                0x0000000000012898                shell_start
 .text.shell_thread
                0x00000000000128c8       0xb0 zephyr/libzephyr.a(shell.c.obj)
                0x00000000000128c8                shell_thread
 .text.shell_fprintf_fmt
                0x0000000000012978       0x28 zephyr/libzephyr.a(shell_fprintf.c.obj)
                0x0000000000012978                shell_fprintf_fmt
 .text.shell_cmd_get
                0x00000000000129a0       0x54 zephyr/libzephyr.a(shell_utils.c.obj)
                0x00000000000129a0                shell_cmd_get
 .text.clear_eos.isra.6
                0x00000000000129f4       0x10 zephyr/libzephyr.a(shell_ops.c.obj)
 .text.shell_op_cursor_vert_move
                0x0000000000012a04       0x20 zephyr/libzephyr.a(shell_ops.c.obj)
                0x0000000000012a04                shell_op_cursor_vert_move
 .text.shell_op_cursor_horiz_move
                0x0000000000012a24       0x20 zephyr/libzephyr.a(shell_ops.c.obj)
                0x0000000000012a24                shell_op_cursor_horiz_move
 .text.shell_op_cond_next_line
                0x0000000000012a44       0x28 zephyr/libzephyr.a(shell_ops.c.obj)
                0x0000000000012a44                shell_op_cond_next_line
 .text.shell_op_cursor_position_synchronize
                0x0000000000012a6c       0x54 zephyr/libzephyr.a(shell_ops.c.obj)
                0x0000000000012a6c                shell_op_cursor_position_synchronize
 .text.shell_print_cmd
                0x0000000000012ac0       0x10 zephyr/libzephyr.a(shell_ops.c.obj)
                0x0000000000012ac0                shell_print_cmd
 .text.shell_vt100_color_set
                0x0000000000012ad0       0x48 zephyr/libzephyr.a(shell_ops.c.obj)
                0x0000000000012ad0                shell_vt100_color_set
 .text.shell_vt100_colors_restore
                0x0000000000012b18       0x4c zephyr/libzephyr.a(shell_ops.c.obj)
                0x0000000000012b18                shell_vt100_colors_restore
 .text.shell_op_word_remove
                0x0000000000012b64       0xa8 zephyr/libzephyr.a(shell_ops.c.obj)
                0x0000000000012b64                shell_op_word_remove
 .text.reprint_from_cursor
                0x0000000000012c0c       0x54 zephyr/libzephyr.a(shell_ops.c.obj)
 .text.shell_op_char_insert
                0x0000000000012c60       0x64 zephyr/libzephyr.a(shell_ops.c.obj)
                0x0000000000012c60                shell_op_char_insert
 .text.shell_print_prompt_and_cmd
                0x0000000000012cc4       0x30 zephyr/libzephyr.a(shell_ops.c.obj)
                0x0000000000012cc4                shell_print_prompt_and_cmd
 .text.init     0x0000000000012cf4       0x30 zephyr/libzephyr.a(shell_uart.c.obj)
 .text.enable_shell_uart
                0x0000000000012d24       0x28 zephyr/libzephyr.a(shell_uart.c.obj)
 .text.uart_callback
                0x0000000000012d4c      0x128 zephyr/libzephyr.a(shell_uart.c.obj)
 .text.formatted_text_print.constprop.2
                0x0000000000012e74       0xf4 zephyr/libzephyr.a(shell_help.c.obj)
 .text.shell_help_subcmd_print
                0x0000000000012f68       0xe0 zephyr/libzephyr.a(shell_help.c.obj)
                0x0000000000012f68                shell_help_subcmd_print
 .text.shell_help_cmd_print
                0x0000000000013048       0x4c zephyr/libzephyr.a(shell_help.c.obj)
                0x0000000000013048                shell_help_cmd_print
 .text.cmd_clear
                0x0000000000013094       0x2c zephyr/libzephyr.a(shell_cmds.c.obj)
 .text.cmd_resize_default
                0x00000000000130c0       0x24 zephyr/libzephyr.a(shell_cmds.c.obj)
 .text.cmd_shell_stats_show
                0x00000000000130e4       0x18 zephyr/libzephyr.a(shell_cmds.c.obj)
 .text.cmd_help
                0x00000000000130fc       0x24 zephyr/libzephyr.a(shell_cmds.c.obj)
 .text.cmd_history
                0x0000000000013120       0x48 zephyr/libzephyr.a(shell_cmds.c.obj)
 .text.cmd_echo
                0x0000000000013168       0x54 zephyr/libzephyr.a(shell_cmds.c.obj)
 .text.cmd_resize
                0x00000000000131bc      0x17c zephyr/libzephyr.a(shell_cmds.c.obj)
 .text.shell_wildcard_process
                0x0000000000013338      0x100 zephyr/libzephyr.a(shell_wildcard.c.obj)
                0x0000000000013338                shell_wildcard_process
 .text.boot_request_upgrade
                0x0000000000013438       0x64 zephyr/libzephyr.a(mcuboot.c.obj)
                0x0000000000013438                boot_request_upgrade
 .text.flash_progressive_erase
                0x000000000001349c       0xdc zephyr/libzephyr.a(flash_img.c.obj)
 .text.flash_sync
                0x0000000000013578      0x164 zephyr/libzephyr.a(flash_img.c.obj)
 .text.get_flash_area_from_id
                0x00000000000136dc       0x2c zephyr/libzephyr.a(flash_map.c.obj)
 .text.flash_area_open
                0x0000000000013708       0x28 zephyr/libzephyr.a(flash_map.c.obj)
                0x0000000000013708                flash_area_open
 .text.sys_reboot
                0x0000000000013730       0x30 zephyr/libzephyr.a(reboot.c.obj)
                0x0000000000013730                sys_reboot
 .text.console_out
                0x0000000000013760       0x28 zephyr/libzephyr.a(uart_console.c.obj)
 .text.uart_console_hook_install
                0x0000000000013788       0x18 zephyr/libzephyr.a(uart_console.c.obj)
                0x0000000000013788                uart_console_hook_install
 .text.uart_console_init
                0x00000000000137a0       0x1c zephyr/libzephyr.a(uart_console.c.obj)
 .text.nrf_power_clock_isr
                0x00000000000137bc       0x68 zephyr/libzephyr.a(nrf_power_clock.c.obj)
                0x00000000000137bc                nrf_power_clock_isr
 .text.rtc1_nrf_isr
                0x0000000000013824       0x40 zephyr/libzephyr.a(nrf_rtc_timer.c.obj)
                0x0000000000013824                rtc1_nrf_isr
 .text.z_clock_driver_init
                0x0000000000013864       0x84 zephyr/libzephyr.a(nrf_rtc_timer.c.obj)
                0x0000000000013864                z_clock_driver_init
 .text.z_clock_set_timeout
                0x00000000000138e8       0xac zephyr/libzephyr.a(nrf_rtc_timer.c.obj)
                0x00000000000138e8                z_clock_set_timeout
 .text.z_clock_elapsed
                0x0000000000013994       0x34 zephyr/libzephyr.a(nrf_rtc_timer.c.obj)
                0x0000000000013994                z_clock_elapsed
 .text.z_timer_cycle_get_32
                0x00000000000139c8       0x34 zephyr/libzephyr.a(nrf_rtc_timer.c.obj)
                0x00000000000139c8                z_timer_cycle_get_32
 .text._HandlerModeExit
                0x00000000000139fc       0x1c zephyr/arch/arch/arm/core/libarch__arm__core.a(exc_exit.S.obj)
                0x00000000000139fc                z_arm_exc_exit
                0x00000000000139fc                z_arm_int_exit
 .text.arch_swap
                0x0000000000013a18       0x34 zephyr/arch/arch/arm/core/libarch__arm__core.a(swap.c.obj)
                0x0000000000013a18                arch_swap
 .text.z_arm_pendsv
                0x0000000000013a4c       0x54 zephyr/arch/arch/arm/core/libarch__arm__core.a(swap_helper.S.obj)
                0x0000000000013a4c                z_arm_pendsv
 .text.z_arm_svc
                0x0000000000013aa0       0x20 zephyr/arch/arch/arm/core/libarch__arm__core.a(swap_helper.S.obj)
                0x0000000000013aa0                z_arm_svc
 .text.arch_irq_enable
                0x0000000000013ac0       0x20 zephyr/arch/arch/arm/core/libarch__arm__core.a(irq_manage.c.obj)
                0x0000000000013ac0                arch_irq_enable
 .text.arch_irq_disable
                0x0000000000013ae0       0x28 zephyr/arch/arch/arm/core/libarch__arm__core.a(irq_manage.c.obj)
                0x0000000000013ae0                arch_irq_disable
 .text.arch_irq_is_enabled
                0x0000000000013b08       0x1c zephyr/arch/arch/arm/core/libarch__arm__core.a(irq_manage.c.obj)
                0x0000000000013b08                arch_irq_is_enabled
 .text.z_arm_irq_priority_set
                0x0000000000013b24       0x30 zephyr/arch/arch/arm/core/libarch__arm__core.a(irq_manage.c.obj)
                0x0000000000013b24                z_arm_irq_priority_set
 .text._arch_isr_direct_pm
                0x0000000000013b54       0x1c zephyr/arch/arch/arm/core/libarch__arm__core.a(irq_manage.c.obj)
                0x0000000000013b54                _arch_isr_direct_pm
 .text.arch_new_thread
                0x0000000000013b70       0x44 zephyr/arch/arch/arm/core/libarch__arm__core.a(thread.c.obj)
                0x0000000000013b70                arch_new_thread
 .text.arch_switch_to_main_thread
                0x0000000000013bb4       0x3c zephyr/arch/arch/arm/core/libarch__arm__core.a(thread.c.obj)
                0x0000000000013bb4                arch_switch_to_main_thread
 .text.z_arm_cpu_idle_init
                0x0000000000013bf0        0xc zephyr/arch/arch/arm/core/libarch__arm__core.a(cpu_idle.S.obj)
                0x0000000000013bf0                z_arm_cpu_idle_init
 .text.arch_cpu_idle
                0x0000000000013bfc        0xc zephyr/arch/arch/arm/core/libarch__arm__core.a(cpu_idle.S.obj)
                0x0000000000013bfc                arch_cpu_idle
 .text.__fault  0x0000000000013c08       0x14 zephyr/arch/arch/arm/core/libarch__arm__core.a(fault_s.S.obj)
                0x0000000000013c08                z_arm_bus_fault
                0x0000000000013c08                z_arm_usage_fault
                0x0000000000013c08                z_arm_mpu_fault
                0x0000000000013c08                z_arm_reserved
                0x0000000000013c08                z_arm_debug_monitor
                0x0000000000013c08                z_arm_hard_fault
 .text.z_arm_fatal_error
                0x0000000000013c1c       0xc0 zephyr/arch/arch/arm/core/libarch__arm__core.a(fatal.c.obj)
                0x0000000000013c1c                z_arm_fatal_error
 .text.z_SysNmiOnReset
                0x0000000000013cdc        0x8 zephyr/arch/arch/arm/core/libarch__arm__core.a(nmi_on_reset.S.obj)
                0x0000000000013cdc                z_SysNmiOnReset
 .text.z_arm_prep_c
                0x0000000000013ce4       0x2c zephyr/arch/arch/arm/core/libarch__arm__core.a(prep_c.c.obj)
                0x0000000000013ce4                z_arm_prep_c
 .text._isr_wrapper
                0x0000000000013d10       0x40 zephyr/arch/arch/arm/core/libarch__arm__core.a(isr_wrapper.S.obj)
                0x0000000000013d10                _isr_wrapper
 .text._reset_section
                0x0000000000013d50       0x30 zephyr/arch/arch/arm/core/cortex_m/libarch__arm__core__cortex_m.a(reset.S.obj)
                0x0000000000013d50                z_arm_reset
                0x0000000000013d50                __start
 .text.usage_fault.isra.2
                0x0000000000013d80      0x160 zephyr/arch/arch/arm/core/cortex_m/libarch__arm__core__cortex_m.a(fault.c.obj)
 .text.mem_manage_fault.isra.4
                0x0000000000013ee0      0x174 zephyr/arch/arch/arm/core/cortex_m/libarch__arm__core__cortex_m.a(fault.c.obj)
 .text.bus_fault.isra.5
                0x0000000000014054      0x19c zephyr/arch/arch/arm/core/cortex_m/libarch__arm__core__cortex_m.a(fault.c.obj)
 .text.z_arm_fault
                0x00000000000141f0      0x220 zephyr/arch/arch/arm/core/cortex_m/libarch__arm__core__cortex_m.a(fault.c.obj)
                0x00000000000141f0                z_arm_fault
 .text.z_arm_fault_init
                0x0000000000014410       0x10 zephyr/arch/arch/arm/core/cortex_m/libarch__arm__core__cortex_m.a(fault.c.obj)
                0x0000000000014410                z_arm_fault_init
 .text.z_arm_int_lib_init
                0x0000000000014420       0x18 zephyr/arch/arch/arm/core/cortex_m/libarch__arm__core__cortex_m.a(irq_init.c.obj)
                0x0000000000014420                z_arm_int_lib_init
 .text.z_impl_k_thread_abort
                0x0000000000014438       0x4c zephyr/arch/arch/arm/core/cortex_m/libarch__arm__core__cortex_m.a(thread_abort.c.obj)
                0x0000000000014438                z_impl_k_thread_abort
 .text.z_arm_configure_static_mpu_regions
                0x0000000000014484       0x38 zephyr/arch/arch/arm/core/cortex_m/mpu/libarch__arm__core__cortex_m__mpu.a(arm_core_mpu.c.obj)
                0x0000000000014484                z_arm_configure_static_mpu_regions
 .text.mpu_configure_regions
                0x00000000000144bc       0xe8 zephyr/arch/arch/arm/core/cortex_m/mpu/libarch__arm__core__cortex_m__mpu.a(arm_mpu.c.obj)
 .text.arm_core_mpu_enable
                0x00000000000145a4       0x14 zephyr/arch/arch/arm/core/cortex_m/mpu/libarch__arm__core__cortex_m__mpu.a(arm_mpu.c.obj)
                0x00000000000145a4                arm_core_mpu_enable
 .text.arm_core_mpu_disable
                0x00000000000145b8       0x10 zephyr/arch/arch/arm/core/cortex_m/mpu/libarch__arm__core__cortex_m__mpu.a(arm_mpu.c.obj)
                0x00000000000145b8                arm_core_mpu_disable
 .text.arm_mpu_init
                0x00000000000145c8       0x5c zephyr/arch/arch/arm/core/cortex_m/mpu/libarch__arm__core__cortex_m__mpu.a(arm_mpu.c.obj)
 .text.arm_core_mpu_configure_static_mpu_regions
                0x0000000000014624       0x14 zephyr/arch/arch/arm/core/cortex_m/mpu/libarch__arm__core__cortex_m__mpu.a(arm_mpu.c.obj)
                0x0000000000014624                arm_core_mpu_configure_static_mpu_regions
 .text.arm_core_mpu_configure_dynamic_mpu_regions
                0x0000000000014638       0x2c zephyr/arch/arch/arm/core/cortex_m/mpu/libarch__arm__core__cortex_m__mpu.a(arm_mpu.c.obj)
                0x0000000000014638                arm_core_mpu_configure_dynamic_mpu_regions
 .text.z_prf    0x0000000000014664      0x970 zephyr/lib/libc/minimal/liblib__libc__minimal.a(prf.c.obj)
                0x0000000000014664                z_prf
 .text.__stdout_hook_install
                0x0000000000014fd4        0xc zephyr/lib/libc/minimal/liblib__libc__minimal.a(stdout_console.c.obj)
                0x0000000000014fd4                __stdout_hook_install
 .text.snprintf
                0x0000000000014fe0       0x30 zephyr/lib/libc/minimal/liblib__libc__minimal.a(sprintf.c.obj)
                0x0000000000014fe0                snprintf
 .text.nordicsemi_nrf52_init
                0x0000000000015010       0x30 zephyr/soc/arm/nordic_nrf/nrf52/libsoc__arm__nordic_nrf__nrf52.a(soc.c.obj)
 .text.sys_arch_reboot
                0x0000000000015040       0x2c zephyr/soc/arm/nordic_nrf/nrf52/libsoc__arm__nordic_nrf__nrf52.a(soc.c.obj)
                0x0000000000015040                sys_arch_reboot
 .text.arch_busy_wait
                0x000000000001506c       0x14 zephyr/soc/arm/nordic_nrf/nrf52/libsoc__arm__nordic_nrf__nrf52.a(soc.c.obj)
                0x000000000001506c                arch_busy_wait
 .text.bt_hex_real
                0x0000000000015080       0x44 zephyr/subsys/bluetooth/common/libsubsys__bluetooth__common.a(log.c.obj)
                0x0000000000015080                bt_hex_real
 .text.bt_addr_le_str_real
                0x00000000000150c4       0x7c zephyr/subsys/bluetooth/common/libsubsys__bluetooth__common.a(log.c.obj)
                0x00000000000150c4                bt_addr_le_str_real
 .text.uuid_to_uuid128
                0x0000000000015140       0x7c zephyr/subsys/bluetooth/host/libsubsys__bluetooth__host.a(uuid.c.obj)
 .text.ver_str  0x00000000000151bc       0x38 zephyr/subsys/bluetooth/host/libsubsys__bluetooth__host.a(hci_core.c.obj)
 .text.hci_data_buf_overflow
                0x00000000000151f4       0x3c zephyr/subsys/bluetooth/host/libsubsys__bluetooth__host.a(hci_core.c.obj)
 .text.le_data_len_change
                0x0000000000015230       0x54 zephyr/subsys/bluetooth/host/libsubsys__bluetooth__host.a(hci_core.c.obj)
 .text.le_conn_update_complete
                0x0000000000015284       0xb0 zephyr/subsys/bluetooth/host/libsubsys__bluetooth__host.a(hci_core.c.obj)
 .text.hci_vendor_event
                0x0000000000015334       0x50 zephyr/subsys/bluetooth/host/libsubsys__bluetooth__host.a(hci_core.c.obj)
 .text.handle_event
                0x0000000000015384       0xac zephyr/subsys/bluetooth/host/libsubsys__bluetooth__host.a(hci_core.c.obj)
 .text.hci_le_meta_event
                0x0000000000015430       0x20 zephyr/subsys/bluetooth/host/libsubsys__bluetooth__host.a(hci_core.c.obj)
 .text.hci_cmd_done
                0x0000000000015450      0x118 zephyr/subsys/bluetooth/host/libsubsys__bluetooth__host.a(hci_core.c.obj)
 .text.id_find  0x0000000000015568       0x34 zephyr/subsys/bluetooth/host/libsubsys__bluetooth__host.a(hci_core.c.obj)
 .text.slave_update_conn_param
                0x000000000001559c       0x28 zephyr/subsys/bluetooth/host/libsubsys__bluetooth__host.a(hci_core.c.obj)
 .text.hci_num_completed_packets
                0x00000000000155c4      0x170 zephyr/subsys/bluetooth/host/libsubsys__bluetooth__host.a(hci_core.c.obj)
 .text.hci_cmd_status
                0x0000000000015734       0x2c zephyr/subsys/bluetooth/host/libsubsys__bluetooth__host.a(hci_core.c.obj)
 .text.hci_cmd_complete
                0x0000000000015760       0x30 zephyr/subsys/bluetooth/host/libsubsys__bluetooth__host.a(hci_core.c.obj)
 .text.bt_hci_cmd_create
                0x0000000000015790       0x6c zephyr/subsys/bluetooth/host/libsubsys__bluetooth__host.a(hci_core.c.obj)
                0x0000000000015790                bt_hci_cmd_create
 .text.bt_hci_cmd_send_sync
                0x00000000000157fc       0x8c zephyr/subsys/bluetooth/host/libsubsys__bluetooth__host.a(hci_core.c.obj)
                0x00000000000157fc                bt_hci_cmd_send_sync
 .text.set_le_scan_enable
                0x0000000000015888       0x74 zephyr/subsys/bluetooth/host/libsubsys__bluetooth__host.a(hci_core.c.obj)
 .text.set_random_address
                0x00000000000158fc       0x5c zephyr/subsys/bluetooth/host/libsubsys__bluetooth__host.a(hci_core.c.obj)
 .text.set_advertise_enable
                0x0000000000015958       0x60 zephyr/subsys/bluetooth/host/libsubsys__bluetooth__host.a(hci_core.c.obj)
 .text.set_ad   0x00000000000159b8       0xec zephyr/subsys/bluetooth/host/libsubsys__bluetooth__host.a(hci_core.c.obj)
 .text.le_adv_update
                0x0000000000015aa4       0x94 zephyr/subsys/bluetooth/host/libsubsys__bluetooth__host.a(hci_core.c.obj)
 .text.bt_data_parse
                0x0000000000015b38       0x84 zephyr/subsys/bluetooth/host/libsubsys__bluetooth__host.a(hci_core.c.obj)
                0x0000000000015b38                bt_data_parse
 .text.id_create.isra.25
                0x0000000000015bbc       0x58 zephyr/subsys/bluetooth/host/libsubsys__bluetooth__host.a(hci_core.c.obj)
 .text.bt_send  0x0000000000015c14       0x10 zephyr/subsys/bluetooth/host/libsubsys__bluetooth__host.a(hci_core.c.obj)
                0x0000000000015c14                bt_send
 .text.bt_hci_cmd_send
                0x0000000000015c24       0x78 zephyr/subsys/bluetooth/host/libsubsys__bluetooth__host.a(hci_core.c.obj)
                0x0000000000015c24                bt_hci_cmd_send
 .text.start_le_scan
                0x0000000000015c9c       0xb0 zephyr/subsys/bluetooth/host/libsubsys__bluetooth__host.a(hci_core.c.obj)
 .text.bt_le_scan_update
                0x0000000000015d4c       0x74 zephyr/subsys/bluetooth/host/libsubsys__bluetooth__host.a(hci_core.c.obj)
                0x0000000000015d4c                bt_le_scan_update
 .text.hci_disconn_complete
                0x0000000000015dc0       0xb0 zephyr/subsys/bluetooth/host/libsubsys__bluetooth__host.a(hci_core.c.obj)
 .text.le_adv_report
                0x0000000000015e70      0x1f4 zephyr/subsys/bluetooth/host/libsubsys__bluetooth__host.a(hci_core.c.obj)
 .text.hci_le_set_data_len.isra.28
                0x0000000000016064       0xd4 zephyr/subsys/bluetooth/host/libsubsys__bluetooth__host.a(hci_core.c.obj)
 .text.le_phy_update_complete
                0x0000000000016138       0x90 zephyr/subsys/bluetooth/host/libsubsys__bluetooth__host.a(hci_core.c.obj)
 .text.le_conn_param_neg_reply
                0x00000000000161c8       0x68 zephyr/subsys/bluetooth/host/libsubsys__bluetooth__host.a(hci_core.c.obj)
 .text.le_conn_param_req
                0x0000000000016230       0xe4 zephyr/subsys/bluetooth/host/libsubsys__bluetooth__host.a(hci_core.c.obj)
 .text.le_remote_feat_complete
                0x0000000000016314       0xb0 zephyr/subsys/bluetooth/host/libsubsys__bluetooth__host.a(hci_core.c.obj)
 .text.enh_conn_complete
                0x00000000000163c4      0x254 zephyr/subsys/bluetooth/host/libsubsys__bluetooth__host.a(hci_core.c.obj)
 .text.hci_tx_thread
                0x0000000000016618      0x19c zephyr/subsys/bluetooth/host/libsubsys__bluetooth__host.a(hci_core.c.obj)
 .text.bt_recv  0x00000000000167b4      0x168 zephyr/subsys/bluetooth/host/libsubsys__bluetooth__host.a(hci_core.c.obj)
                0x00000000000167b4                bt_recv
 .text.bt_recv_prio
                0x000000000001691c       0x8c zephyr/subsys/bluetooth/host/libsubsys__bluetooth__host.a(hci_core.c.obj)
                0x000000000001691c                bt_recv_prio
 .text.bt_hci_driver_register
                0x00000000000169a8       0x28 zephyr/subsys/bluetooth/host/libsubsys__bluetooth__host.a(hci_core.c.obj)
                0x00000000000169a8                bt_hci_driver_register
 .text.bt_finalize_init
                0x00000000000169d0      0x134 zephyr/subsys/bluetooth/host/libsubsys__bluetooth__host.a(hci_core.c.obj)
                0x00000000000169d0                bt_finalize_init
 .text.bt_get_name
                0x0000000000016b04        0x8 zephyr/subsys/bluetooth/host/libsubsys__bluetooth__host.a(hci_core.c.obj)
                0x0000000000016b04                bt_get_name
 .text.bt_id_get
                0x0000000000016b0c       0x20 zephyr/subsys/bluetooth/host/libsubsys__bluetooth__host.a(hci_core.c.obj)
                0x0000000000016b0c                bt_id_get
 .text.bt_id_create
                0x0000000000016b2c       0xb8 zephyr/subsys/bluetooth/host/libsubsys__bluetooth__host.a(hci_core.c.obj)
                0x0000000000016b2c                bt_id_create
 .text.bt_setup_id_addr
                0x0000000000016be4      0x130 zephyr/subsys/bluetooth/host/libsubsys__bluetooth__host.a(hci_core.c.obj)
                0x0000000000016be4                bt_setup_id_addr
 .text.hci_init
                0x0000000000016d14      0x5d4 zephyr/subsys/bluetooth/host/libsubsys__bluetooth__host.a(hci_core.c.obj)
 .text.bt_enable
                0x00000000000172e8      0x118 zephyr/subsys/bluetooth/host/libsubsys__bluetooth__host.a(hci_core.c.obj)
                0x00000000000172e8                bt_enable
 .text.init_work
                0x0000000000017400       0x2c zephyr/subsys/bluetooth/host/libsubsys__bluetooth__host.a(hci_core.c.obj)
 .text.bt_le_adv_start_internal
                0x000000000001742c      0x224 zephyr/subsys/bluetooth/host/libsubsys__bluetooth__host.a(hci_core.c.obj)
                0x000000000001742c                bt_le_adv_start_internal
 .text.bt_le_adv_stop
                0x0000000000017650       0x4c zephyr/subsys/bluetooth/host/libsubsys__bluetooth__host.a(hci_core.c.obj)
                0x0000000000017650                bt_le_adv_stop
 .text.bt_le_scan_start
                0x000000000001769c       0xb0 zephyr/subsys/bluetooth/host/libsubsys__bluetooth__host.a(hci_core.c.obj)
                0x000000000001769c                bt_le_scan_start
 .text.bt_le_scan_stop
                0x000000000001774c       0x2c zephyr/subsys/bluetooth/host/libsubsys__bluetooth__host.a(hci_core.c.obj)
                0x000000000001774c                bt_le_scan_stop
 .text.bt_buf_get_rx
                0x0000000000017778       0x20 zephyr/subsys/bluetooth/host/libsubsys__bluetooth__host.a(hci_core.c.obj)
                0x0000000000017778                bt_buf_get_rx
 .text.bt_buf_get_cmd_complete
                0x0000000000017798       0x4c zephyr/subsys/bluetooth/host/libsubsys__bluetooth__host.a(hci_core.c.obj)
                0x0000000000017798                bt_buf_get_cmd_complete
 .text.bt_buf_get_evt
                0x00000000000177e4       0x50 zephyr/subsys/bluetooth/host/libsubsys__bluetooth__host.a(hci_core.c.obj)
                0x00000000000177e4                bt_buf_get_evt
 .text.tx_free  0x0000000000017834       0x14 zephyr/subsys/bluetooth/host/libsubsys__bluetooth__host.a(conn.c.obj)
 .text.notify_connected
                0x0000000000017848       0x2c zephyr/subsys/bluetooth/host/libsubsys__bluetooth__host.a(conn.c.obj)
 .text.send_frag
                0x0000000000017874      0x140 zephyr/subsys/bluetooth/host/libsubsys__bluetooth__host.a(conn.c.obj)
 .text.conn_cleanup
                0x00000000000179b4       0x40 zephyr/subsys/bluetooth/host/libsubsys__bluetooth__host.a(conn.c.obj)
 .text.bt_conn_get_pkts
                0x00000000000179f4        0x8 zephyr/subsys/bluetooth/host/libsubsys__bluetooth__host.a(conn.c.obj)
                0x00000000000179f4                bt_conn_get_pkts
 .text.notify_le_param_updated
                0x00000000000179fc       0x68 zephyr/subsys/bluetooth/host/libsubsys__bluetooth__host.a(conn.c.obj)
                0x00000000000179fc                notify_le_param_updated
 .text.le_param_req
                0x0000000000017a64       0x40 zephyr/subsys/bluetooth/host/libsubsys__bluetooth__host.a(conn.c.obj)
                0x0000000000017a64                le_param_req
 .text.bt_conn_cb_register
                0x0000000000017aa4       0x10 zephyr/subsys/bluetooth/host/libsubsys__bluetooth__host.a(conn.c.obj)
                0x0000000000017aa4                bt_conn_cb_register
 .text.bt_conn_recv
                0x0000000000017ab4      0x198 zephyr/subsys/bluetooth/host/libsubsys__bluetooth__host.a(conn.c.obj)
                0x0000000000017ab4                bt_conn_recv
 .text.bt_conn_send_cb
                0x0000000000017c4c      0x108 zephyr/subsys/bluetooth/host/libsubsys__bluetooth__host.a(conn.c.obj)
                0x0000000000017c4c                bt_conn_send_cb
 .text.bt_conn_prepare_events
                0x0000000000017d54       0x90 zephyr/subsys/bluetooth/host/libsubsys__bluetooth__host.a(conn.c.obj)
                0x0000000000017d54                bt_conn_prepare_events
 .text.bt_conn_add_le
                0x0000000000017de4       0x9c zephyr/subsys/bluetooth/host/libsubsys__bluetooth__host.a(conn.c.obj)
                0x0000000000017de4                bt_conn_add_le
 .text.bt_conn_set_state
                0x0000000000017e80      0x1d4 zephyr/subsys/bluetooth/host/libsubsys__bluetooth__host.a(conn.c.obj)
                0x0000000000017e80                bt_conn_set_state
 .text.bt_conn_lookup_handle
                0x0000000000018054       0x48 zephyr/subsys/bluetooth/host/libsubsys__bluetooth__host.a(conn.c.obj)
                0x0000000000018054                bt_conn_lookup_handle
 .text.bt_conn_lookup_addr_le
                0x000000000001809c       0x50 zephyr/subsys/bluetooth/host/libsubsys__bluetooth__host.a(conn.c.obj)
                0x000000000001809c                bt_conn_lookup_addr_le
 .text.bt_conn_lookup_state_le
                0x00000000000180ec       0x58 zephyr/subsys/bluetooth/host/libsubsys__bluetooth__host.a(conn.c.obj)
                0x00000000000180ec                bt_conn_lookup_state_le
 .text.bt_conn_get_info
                0x0000000000018144       0x58 zephyr/subsys/bluetooth/host/libsubsys__bluetooth__host.a(conn.c.obj)
                0x0000000000018144                bt_conn_get_info
 .text.bt_conn_create_le
                0x000000000001819c      0x10c zephyr/subsys/bluetooth/host/libsubsys__bluetooth__host.a(conn.c.obj)
                0x000000000001819c                bt_conn_create_le
 .text.bt_le_set_auto_conn
                0x00000000000182a8       0xdc zephyr/subsys/bluetooth/host/libsubsys__bluetooth__host.a(conn.c.obj)
                0x00000000000182a8                bt_le_set_auto_conn
 .text.send_conn_le_param_update
                0x0000000000018384       0x50 zephyr/subsys/bluetooth/host/libsubsys__bluetooth__host.a(conn.c.obj)
 .text.conn_update_timeout
                0x00000000000183d4       0xac zephyr/subsys/bluetooth/host/libsubsys__bluetooth__host.a(conn.c.obj)
 .text.bt_conn_create_pdu_timeout
                0x0000000000018480       0x64 zephyr/subsys/bluetooth/host/libsubsys__bluetooth__host.a(conn.c.obj)
                0x0000000000018480                bt_conn_create_pdu_timeout
 .text.create_frag.isra.13
                0x00000000000184e4       0x70 zephyr/subsys/bluetooth/host/libsubsys__bluetooth__host.a(conn.c.obj)
 .text.bt_conn_process_tx
                0x0000000000018554       0xc0 zephyr/subsys/bluetooth/host/libsubsys__bluetooth__host.a(conn.c.obj)
                0x0000000000018554                bt_conn_process_tx
 .text.bt_conn_index
                0x0000000000018614       0x18 zephyr/subsys/bluetooth/host/libsubsys__bluetooth__host.a(conn.c.obj)
                0x0000000000018614                bt_conn_index
 .text.bt_conn_init
                0x000000000001862c       0x6c zephyr/subsys/bluetooth/host/libsubsys__bluetooth__host.a(conn.c.obj)
                0x000000000001862c                bt_conn_init
 .text.l2cap_accept
                0x0000000000018698       0x68 zephyr/subsys/bluetooth/host/libsubsys__bluetooth__host.a(l2cap.c.obj)
 .text.l2cap_create_le_sig_pdu.isra.8
                0x0000000000018700       0x64 zephyr/subsys/bluetooth/host/libsubsys__bluetooth__host.a(l2cap.c.obj)
 .text.l2cap_rtx_timeout
                0x0000000000018764       0x54 zephyr/subsys/bluetooth/host/libsubsys__bluetooth__host.a(l2cap.c.obj)
 .text.bt_l2cap_connected
                0x00000000000187b8       0x98 zephyr/subsys/bluetooth/host/libsubsys__bluetooth__host.a(l2cap.c.obj)
                0x00000000000187b8                bt_l2cap_connected
 .text.l2cap_recv
                0x0000000000018850      0x1c8 zephyr/subsys/bluetooth/host/libsubsys__bluetooth__host.a(l2cap.c.obj)
 .text.bt_l2cap_recv
                0x0000000000018a18       0x98 zephyr/subsys/bluetooth/host/libsubsys__bluetooth__host.a(l2cap.c.obj)
                0x0000000000018a18                bt_l2cap_recv
 .text.bt_l2cap_update_conn_param
                0x0000000000018ab0       0x5c zephyr/subsys/bluetooth/host/libsubsys__bluetooth__host.a(l2cap.c.obj)
                0x0000000000018ab0                bt_l2cap_update_conn_param
 .text.find_type_cb
                0x0000000000018b0c      0x12c zephyr/subsys/bluetooth/host/libsubsys__bluetooth__host.a(att.c.obj)
 .text.bt_att_connected
                0x0000000000018c38       0x28 zephyr/subsys/bluetooth/host/libsubsys__bluetooth__host.a(att.c.obj)
 .text.att_send
                0x0000000000018c60       0x94 zephyr/subsys/bluetooth/host/libsubsys__bluetooth__host.a(att.c.obj)
 .text.bt_att_accept
                0x0000000000018cf4       0x8c zephyr/subsys/bluetooth/host/libsubsys__bluetooth__host.a(att.c.obj)
 .text.att_chan_get
                0x0000000000018d80       0xb0 zephyr/subsys/bluetooth/host/libsubsys__bluetooth__host.a(att.c.obj)
 .text.att_req_sent
                0x0000000000018e30       0x30 zephyr/subsys/bluetooth/host/libsubsys__bluetooth__host.a(att.c.obj)
                0x0000000000018e30                att_req_sent
 .text.att_send_req
                0x0000000000018e60       0x80 zephyr/subsys/bluetooth/host/libsubsys__bluetooth__host.a(att.c.obj)
 .text.att_handle_rsp
                0x0000000000018ee0       0xbc zephyr/subsys/bluetooth/host/libsubsys__bluetooth__host.a(att.c.obj)
 .text.att_error_rsp
                0x0000000000018f9c       0x34 zephyr/subsys/bluetooth/host/libsubsys__bluetooth__host.a(att.c.obj)
 .text.att_timeout
                0x0000000000018fd0       0x54 zephyr/subsys/bluetooth/host/libsubsys__bluetooth__host.a(att.c.obj)
 .text.att_write_cmd
                0x0000000000019024       0x7c zephyr/subsys/bluetooth/host/libsubsys__bluetooth__host.a(att.c.obj)
 .text.bt_att_create_pdu
                0x00000000000190a0       0xb0 zephyr/subsys/bluetooth/host/libsubsys__bluetooth__host.a(att.c.obj)
                0x00000000000190a0                bt_att_create_pdu
 .text.att_indicate
                0x0000000000019150       0x40 zephyr/subsys/bluetooth/host/libsubsys__bluetooth__host.a(att.c.obj)
 .text.att_mtu_req
                0x0000000000019190       0x60 zephyr/subsys/bluetooth/host/libsubsys__bluetooth__host.a(att.c.obj)
 .text.send_err_rsp.part.11
                0x00000000000191f0       0x44 zephyr/subsys/bluetooth/host/libsubsys__bluetooth__host.a(att.c.obj)
 .text.bt_att_recv
                0x0000000000019234      0x1b0 zephyr/subsys/bluetooth/host/libsubsys__bluetooth__host.a(att.c.obj)
 .text.att_read_group_req
                0x00000000000193e4      0x108 zephyr/subsys/bluetooth/host/libsubsys__bluetooth__host.a(att.c.obj)
 .text.att_read_mult_req
                0x00000000000194ec       0x90 zephyr/subsys/bluetooth/host/libsubsys__bluetooth__host.a(att.c.obj)
 .text.att_read_rsp
                0x000000000001957c       0x98 zephyr/subsys/bluetooth/host/libsubsys__bluetooth__host.a(att.c.obj)
 .text.att_read_type_req
                0x0000000000019614       0xd0 zephyr/subsys/bluetooth/host/libsubsys__bluetooth__host.a(att.c.obj)
 .text.att_find_type_req
                0x00000000000196e4       0xe8 zephyr/subsys/bluetooth/host/libsubsys__bluetooth__host.a(att.c.obj)
 .text.att_find_info_req
                0x00000000000197cc       0x7c zephyr/subsys/bluetooth/host/libsubsys__bluetooth__host.a(att.c.obj)
 .text.att_write_req
                0x0000000000019848       0xb8 zephyr/subsys/bluetooth/host/libsubsys__bluetooth__host.a(att.c.obj)
 .text.bt_att_req_cancel
                0x0000000000019900       0x6c zephyr/subsys/bluetooth/host/libsubsys__bluetooth__host.a(att.c.obj)
                0x0000000000019900                bt_att_req_cancel
 .text.find_static_attr
                0x000000000001996c       0x48 zephyr/subsys/bluetooth/host/libsubsys__bluetooth__host.a(gatt.c.obj)
 .text.gatt_subscription_remove
                0x00000000000199b4       0x24 zephyr/subsys/bluetooth/host/libsubsys__bluetooth__host.a(gatt.c.obj)
 .text.gatt_notify
                0x00000000000199d8       0x8c zephyr/subsys/bluetooth/host/libsubsys__bluetooth__host.a(gatt.c.obj)
 .text.disconnected_cb
                0x0000000000019a64       0xac zephyr/subsys/bluetooth/host/libsubsys__bluetooth__host.a(gatt.c.obj)
 .text.gatt_send.constprop.37
                0x0000000000019b10       0x5c zephyr/subsys/bluetooth/host/libsubsys__bluetooth__host.a(gatt.c.obj)
 .text.gatt_indicate
                0x0000000000019b6c       0x98 zephyr/subsys/bluetooth/host/libsubsys__bluetooth__host.a(gatt.c.obj)
 .text.find_sc_cfg
                0x0000000000019c04       0x44 zephyr/subsys/bluetooth/host/libsubsys__bluetooth__host.a(gatt.c.obj)
 .text.sc_save  0x0000000000019c48       0x84 zephyr/subsys/bluetooth/host/libsubsys__bluetooth__host.a(gatt.c.obj)
 .text.notify_cb
                0x0000000000019ccc       0xf0 zephyr/subsys/bluetooth/host/libsubsys__bluetooth__host.a(gatt.c.obj)
 .text.find_cf_cfg
                0x0000000000019dbc       0x3c zephyr/subsys/bluetooth/host/libsubsys__bluetooth__host.a(gatt.c.obj)
 .text.gatt_write_ccc_rsp
                0x0000000000019df8       0x54 zephyr/subsys/bluetooth/host/libsubsys__bluetooth__host.a(gatt.c.obj)
 .text.gatt_write_ccc.constprop.27
                0x0000000000019e4c       0x68 zephyr/subsys/bluetooth/host/libsubsys__bluetooth__host.a(gatt.c.obj)
 .text.cf_write
                0x0000000000019eb4       0xc4 zephyr/subsys/bluetooth/host/libsubsys__bluetooth__host.a(gatt.c.obj)
 .text.sc_indicate_rsp
                0x0000000000019f78       0x4c zephyr/subsys/bluetooth/host/libsubsys__bluetooth__host.a(gatt.c.obj)
 .text.db_changed
                0x0000000000019fc4       0x6c zephyr/subsys/bluetooth/host/libsubsys__bluetooth__host.a(gatt.c.obj)
 .text.sc_indicate
                0x000000000001a030       0x70 zephyr/subsys/bluetooth/host/libsubsys__bluetooth__host.a(gatt.c.obj)
 .text.bt_gatt_attr_write_ccc
                0x000000000001a0a0       0xe0 zephyr/subsys/bluetooth/host/libsubsys__bluetooth__host.a(gatt.c.obj)
                0x000000000001a0a0                bt_gatt_attr_write_ccc
 .text.bt_gatt_init
                0x000000000001a180       0x84 zephyr/subsys/bluetooth/host/libsubsys__bluetooth__host.a(gatt.c.obj)
                0x000000000001a180                bt_gatt_init
 .text.bt_gatt_service_unregister
                0x000000000001a204       0x48 zephyr/subsys/bluetooth/host/libsubsys__bluetooth__host.a(gatt.c.obj)
                0x000000000001a204                bt_gatt_service_unregister
 .text.bt_gatt_attr_value_handle
                0x000000000001a24c       0x30 zephyr/subsys/bluetooth/host/libsubsys__bluetooth__host.a(gatt.c.obj)
                0x000000000001a24c                bt_gatt_attr_value_handle
 .text.bt_gatt_foreach_attr_type
                0x000000000001a27c      0x148 zephyr/subsys/bluetooth/host/libsubsys__bluetooth__host.a(gatt.c.obj)
                0x000000000001a27c                bt_gatt_foreach_attr_type
 .text.db_hash_gen.isra.19
                0x000000000001a3c4       0xb4 zephyr/subsys/bluetooth/host/libsubsys__bluetooth__host.a(gatt.c.obj)
 .text.bt_gatt_service_register
                0x000000000001a478      0x18c zephyr/subsys/bluetooth/host/libsubsys__bluetooth__host.a(gatt.c.obj)
                0x000000000001a478                bt_gatt_service_register
 .text.bt_gatt_indicate
                0x000000000001a604       0xe0 zephyr/subsys/bluetooth/host/libsubsys__bluetooth__host.a(gatt.c.obj)
                0x000000000001a604                bt_gatt_indicate
 .text.sc_process
                0x000000000001a6e4       0x5c zephyr/subsys/bluetooth/host/libsubsys__bluetooth__host.a(gatt.c.obj)
 .text.update_ccc
                0x000000000001a740      0x130 zephyr/subsys/bluetooth/host/libsubsys__bluetooth__host.a(gatt.c.obj)
 .text.bt_gatt_exchange_mtu
                0x000000000001a870       0x4c zephyr/subsys/bluetooth/host/libsubsys__bluetooth__host.a(gatt.c.obj)
                0x000000000001a870                bt_gatt_exchange_mtu
 .text.bt_gatt_discover
                0x000000000001a8bc      0x238 zephyr/subsys/bluetooth/host/libsubsys__bluetooth__host.a(gatt.c.obj)
                0x000000000001a8bc                bt_gatt_discover
 .text.gatt_read_group_rsp
                0x000000000001aaf4      0x134 zephyr/subsys/bluetooth/host/libsubsys__bluetooth__host.a(gatt.c.obj)
 .text.gatt_read_type_rsp
                0x000000000001ac28      0x24c zephyr/subsys/bluetooth/host/libsubsys__bluetooth__host.a(gatt.c.obj)
 .text.read_included_uuid_cb
                0x000000000001ae74       0xc4 zephyr/subsys/bluetooth/host/libsubsys__bluetooth__host.a(gatt.c.obj)
 .text.gatt_find_info_rsp
                0x000000000001af38      0x16c zephyr/subsys/bluetooth/host/libsubsys__bluetooth__host.a(gatt.c.obj)
 .text.bt_gatt_read
                0x000000000001b0a4       0xf0 zephyr/subsys/bluetooth/host/libsubsys__bluetooth__host.a(gatt.c.obj)
                0x000000000001b0a4                bt_gatt_read
 .text.gatt_read_rsp
                0x000000000001b194      0x128 zephyr/subsys/bluetooth/host/libsubsys__bluetooth__host.a(gatt.c.obj)
 .text.bt_gatt_write
                0x000000000001b2bc       0xe0 zephyr/subsys/bluetooth/host/libsubsys__bluetooth__host.a(gatt.c.obj)
                0x000000000001b2bc                bt_gatt_write
 .text.gatt_prepare_write_rsp
                0x000000000001b39c       0x50 zephyr/subsys/bluetooth/host/libsubsys__bluetooth__host.a(gatt.c.obj)
 .text.bt_gatt_unsubscribe
                0x000000000001b3ec       0xdc zephyr/subsys/bluetooth/host/libsubsys__bluetooth__host.a(gatt.c.obj)
                0x000000000001b3ec                bt_gatt_unsubscribe
 .text.bt_gatt_notification
                0x000000000001b4c8       0x5c zephyr/subsys/bluetooth/host/libsubsys__bluetooth__host.a(gatt.c.obj)
                0x000000000001b4c8                bt_gatt_notification
 .text.bt_gatt_connected
                0x000000000001b524       0x4c zephyr/subsys/bluetooth/host/libsubsys__bluetooth__host.a(gatt.c.obj)
                0x000000000001b524                bt_gatt_connected
 .text.db_hash_read
                0x000000000001b570       0x64 zephyr/subsys/bluetooth/host/libsubsys__bluetooth__host.a(gatt.c.obj)
 .text.bt_gatt_disconnected
                0x000000000001b5d4       0xf4 zephyr/subsys/bluetooth/host/libsubsys__bluetooth__host.a(gatt.c.obj)
                0x000000000001b5d4                bt_gatt_disconnected
 .text.bt_smp_accept
                0x000000000001b6c8       0x68 zephyr/subsys/bluetooth/host/libsubsys__bluetooth__host.a(smp_null.c.obj)
 .text.mayfly_init
                0x000000000001b730       0x54 zephyr/subsys/bluetooth/controller/libsubsys__bluetooth__controller.a(mayfly.c.obj)
                0x000000000001b730                mayfly_init
 .text.mayfly_enable
                0x000000000001b784       0x50 zephyr/subsys/bluetooth/controller/libsubsys__bluetooth__controller.a(mayfly.c.obj)
                0x000000000001b784                mayfly_enable
 .text.mayfly_enqueue
                0x000000000001b7d4       0xa0 zephyr/subsys/bluetooth/controller/libsubsys__bluetooth__controller.a(mayfly.c.obj)
                0x000000000001b7d4                mayfly_enqueue
 .text.mayfly_run
                0x000000000001b874      0x16c zephyr/subsys/bluetooth/controller/libsubsys__bluetooth__controller.a(mayfly.c.obj)
                0x000000000001b874                mayfly_run
 .text.ticker_job
                0x000000000001b9e0      0x624 zephyr/subsys/bluetooth/controller/libsubsys__bluetooth__controller.a(ticker.c.obj)
                0x000000000001b9e0                ticker_job
 .text.ticker_init
                0x000000000001c004       0x78 zephyr/subsys/bluetooth/controller/libsubsys__bluetooth__controller.a(ticker.c.obj)
                0x000000000001c004                ticker_init
 .text.ticker_is_initialized
                0x000000000001c07c       0x18 zephyr/subsys/bluetooth/controller/libsubsys__bluetooth__controller.a(ticker.c.obj)
                0x000000000001c07c                ticker_is_initialized
 .text.ticker_trigger
                0x000000000001c094       0x24 zephyr/subsys/bluetooth/controller/libsubsys__bluetooth__controller.a(ticker.c.obj)
                0x000000000001c094                ticker_trigger
 .text.ticker_start
                0x000000000001c0b8       0x94 zephyr/subsys/bluetooth/controller/libsubsys__bluetooth__controller.a(ticker.c.obj)
                0x000000000001c0b8                ticker_start
 .text.ticker_update
                0x000000000001c14c       0x90 zephyr/subsys/bluetooth/controller/libsubsys__bluetooth__controller.a(ticker.c.obj)
                0x000000000001c14c                ticker_update
 .text.ticker_stop
                0x000000000001c1dc       0x74 zephyr/subsys/bluetooth/controller/libsubsys__bluetooth__controller.a(ticker.c.obj)
                0x000000000001c1dc                ticker_stop
 .text.ll_addr_get
                0x000000000001c250       0x34 zephyr/subsys/bluetooth/controller/libsubsys__bluetooth__controller.a(ll_addr.c.obj)
                0x000000000001c250                ll_addr_get
 .text.ll_addr_set
                0x000000000001c284       0x38 zephyr/subsys/bluetooth/controller/libsubsys__bluetooth__controller.a(ll_addr.c.obj)
                0x000000000001c284                ll_addr_set
 .text.hci_driver_init
                0x000000000001c2bc       0x10 zephyr/subsys/bluetooth/controller/libsubsys__bluetooth__controller.a(hci_driver.c.obj)
 .text.hci_driver_send
                0x000000000001c2cc       0xc0 zephyr/subsys/bluetooth/controller/libsubsys__bluetooth__controller.a(hci_driver.c.obj)
 .text.recv_thread
                0x000000000001c38c       0xa0 zephyr/subsys/bluetooth/controller/libsubsys__bluetooth__controller.a(hci_driver.c.obj)
 .text.prio_recv_thread
                0x000000000001c42c       0x68 zephyr/subsys/bluetooth/controller/libsubsys__bluetooth__controller.a(hci_driver.c.obj)
 .text.hci_driver_open
                0x000000000001c494       0xc0 zephyr/subsys/bluetooth/controller/libsubsys__bluetooth__controller.a(hci_driver.c.obj)
 .text.dup_found
                0x000000000001c554       0xc4 zephyr/subsys/bluetooth/controller/libsubsys__bluetooth__controller.a(hci.c.obj)
 .text.cmd_status
                0x000000000001c618       0x38 zephyr/subsys/bluetooth/controller/libsubsys__bluetooth__controller.a(hci.c.obj)
 .text.le_remote_feat_complete
                0x000000000001c650       0x5c zephyr/subsys/bluetooth/controller/libsubsys__bluetooth__controller.a(hci.c.obj)
 .text.encrypt_change
                0x000000000001c6ac       0x40 zephyr/subsys/bluetooth/controller/libsubsys__bluetooth__controller.a(hci.c.obj)
 .text.hci_cmd_complete
                0x000000000001c6ec       0x48 zephyr/subsys/bluetooth/controller/libsubsys__bluetooth__controller.a(hci.c.obj)
                0x000000000001c6ec                hci_cmd_complete
 .text.hci_vendor_cmd_handle_common
                0x000000000001c734      0x22c zephyr/subsys/bluetooth/controller/libsubsys__bluetooth__controller.a(hci.c.obj)
                0x000000000001c734                hci_vendor_cmd_handle_common
 .text.hci_cmd_handle
                0x000000000001c960      0x8ac zephyr/subsys/bluetooth/controller/libsubsys__bluetooth__controller.a(hci.c.obj)
                0x000000000001c960                hci_cmd_handle
 .text.hci_acl_handle
                0x000000000001d20c      0x164 zephyr/subsys/bluetooth/controller/libsubsys__bluetooth__controller.a(hci.c.obj)
                0x000000000001d20c                hci_acl_handle
 .text.hci_acl_encode
                0x000000000001d370       0x6c zephyr/subsys/bluetooth/controller/libsubsys__bluetooth__controller.a(hci.c.obj)
                0x000000000001d370                hci_acl_encode
 .text.hci_evt_encode
                0x000000000001d3dc      0x65c zephyr/subsys/bluetooth/controller/libsubsys__bluetooth__controller.a(hci.c.obj)
                0x000000000001d3dc                hci_evt_encode
 .text.hci_init
                0x000000000001da38       0x3c zephyr/subsys/bluetooth/controller/libsubsys__bluetooth__controller.a(hci.c.obj)
                0x000000000001da38                hci_init
 .text.bt_rand  0x000000000001da74       0x2c zephyr/subsys/bluetooth/controller/libsubsys__bluetooth__controller.a(crypto.c.obj)
                0x000000000001da74                bt_rand
 .text.ll_rx_link_inc_quota
                0x000000000001daa0       0x34 zephyr/subsys/bluetooth/controller/libsubsys__bluetooth__controller.a(ull.c.obj)
 .text.rx_alloc
                0x000000000001dad4       0xe0 zephyr/subsys/bluetooth/controller/libsubsys__bluetooth__controller.a(ull.c.obj)
 .text.init_reset
                0x000000000001dbb4      0x100 zephyr/subsys/bluetooth/controller/libsubsys__bluetooth__controller.a(ull.c.obj)
 .text.perform_lll_reset
                0x000000000001dcb4       0x74 zephyr/subsys/bluetooth/controller/libsubsys__bluetooth__controller.a(ull.c.obj)
 .text.tx_cmplt_get
                0x000000000001dd28       0xb0 zephyr/subsys/bluetooth/controller/libsubsys__bluetooth__controller.a(ull.c.obj)
 .text.ll_init  0x000000000001ddd8       0xd0 zephyr/subsys/bluetooth/controller/libsubsys__bluetooth__controller.a(ull.c.obj)
                0x000000000001ddd8                ll_init
 .text.ll_reset
                0x000000000001dea8      0x114 zephyr/subsys/bluetooth/controller/libsubsys__bluetooth__controller.a(ull.c.obj)
                0x000000000001dea8                ll_reset
 .text.ll_rx_get
                0x000000000001dfbc       0xb0 zephyr/subsys/bluetooth/controller/libsubsys__bluetooth__controller.a(ull.c.obj)
                0x000000000001dfbc                ll_rx_get
 .text.ll_rx_mem_release
                0x000000000001e06c      0x184 zephyr/subsys/bluetooth/controller/libsubsys__bluetooth__controller.a(ull.c.obj)
                0x000000000001e06c                ll_rx_mem_release
 .text.ll_rx_link_alloc
                0x000000000001e1f0        0xc zephyr/subsys/bluetooth/controller/libsubsys__bluetooth__controller.a(ull.c.obj)
                0x000000000001e1f0                ll_rx_link_alloc
 .text.ll_rx_link_release
                0x000000000001e1fc        0xc zephyr/subsys/bluetooth/controller/libsubsys__bluetooth__controller.a(ull.c.obj)
                0x000000000001e1fc                ll_rx_link_release
 .text.ll_rx_alloc
                0x000000000001e208        0xc zephyr/subsys/bluetooth/controller/libsubsys__bluetooth__controller.a(ull.c.obj)
                0x000000000001e208                ll_rx_alloc
 .text.ll_rx_release
                0x000000000001e214        0xc zephyr/subsys/bluetooth/controller/libsubsys__bluetooth__controller.a(ull.c.obj)
                0x000000000001e214                ll_rx_release
 .text.ll_rx_dequeue
                0x000000000001e220      0x134 zephyr/subsys/bluetooth/controller/libsubsys__bluetooth__controller.a(ull.c.obj)
                0x000000000001e220                ll_rx_dequeue
 .text.ll_rx_put
                0x000000000001e354       0x14 zephyr/subsys/bluetooth/controller/libsubsys__bluetooth__controller.a(ull.c.obj)
                0x000000000001e354                ll_rx_put
 .text.ll_rx_sched
                0x000000000001e368        0xc zephyr/subsys/bluetooth/controller/libsubsys__bluetooth__controller.a(ull.c.obj)
                0x000000000001e368                ll_rx_sched
 .text.ll_pdu_rx_alloc_peek
                0x000000000001e374       0x30 zephyr/subsys/bluetooth/controller/libsubsys__bluetooth__controller.a(ull.c.obj)
                0x000000000001e374                ll_pdu_rx_alloc_peek
 .text.ll_pdu_rx_alloc
                0x000000000001e3a4       0x2c zephyr/subsys/bluetooth/controller/libsubsys__bluetooth__controller.a(ull.c.obj)
                0x000000000001e3a4                ll_pdu_rx_alloc
 .text.ll_tx_ack_put
                0x000000000001e3d0       0x4c zephyr/subsys/bluetooth/controller/libsubsys__bluetooth__controller.a(ull.c.obj)
                0x000000000001e3d0                ll_tx_ack_put
 .text.ll_radio_state_abort
                0x000000000001e41c       0x2c zephyr/subsys/bluetooth/controller/libsubsys__bluetooth__controller.a(ull.c.obj)
                0x000000000001e41c                ll_radio_state_abort
 .text.ull_ticker_status_give
                0x000000000001e448        0xc zephyr/subsys/bluetooth/controller/libsubsys__bluetooth__controller.a(ull.c.obj)
                0x000000000001e448                ull_ticker_status_give
 .text.ull_ticker_status_take
                0x000000000001e454       0x18 zephyr/subsys/bluetooth/controller/libsubsys__bluetooth__controller.a(ull.c.obj)
                0x000000000001e454                ull_ticker_status_take
 .text.ull_disable_mark
                0x000000000001e46c       0x10 zephyr/subsys/bluetooth/controller/libsubsys__bluetooth__controller.a(ull.c.obj)
                0x000000000001e46c                ull_disable_mark
 .text.ull_disable_unmark
                0x000000000001e47c       0x1c zephyr/subsys/bluetooth/controller/libsubsys__bluetooth__controller.a(ull.c.obj)
                0x000000000001e47c                ull_disable_unmark
 .text.ull_disable_mark_get
                0x000000000001e498        0xc zephyr/subsys/bluetooth/controller/libsubsys__bluetooth__controller.a(ull.c.obj)
                0x000000000001e498                ull_disable_mark_get
 .text.ull_update_mark
                0x000000000001e4a4       0x10 zephyr/subsys/bluetooth/controller/libsubsys__bluetooth__controller.a(ull.c.obj)
                0x000000000001e4a4                ull_update_mark
 .text.ull_update_unmark
                0x000000000001e4b4       0x1c zephyr/subsys/bluetooth/controller/libsubsys__bluetooth__controller.a(ull.c.obj)
                0x000000000001e4b4                ull_update_unmark
 .text.ull_update_mark_get
                0x000000000001e4d0        0xc zephyr/subsys/bluetooth/controller/libsubsys__bluetooth__controller.a(ull.c.obj)
                0x000000000001e4d0                ull_update_mark_get
 .text.ull_disable
                0x000000000001e4dc       0x60 zephyr/subsys/bluetooth/controller/libsubsys__bluetooth__controller.a(ull.c.obj)
                0x000000000001e4dc                ull_disable
 .text.ull_pdu_rx_alloc_peek
                0x000000000001e53c       0x30 zephyr/subsys/bluetooth/controller/libsubsys__bluetooth__controller.a(ull.c.obj)
                0x000000000001e53c                ull_pdu_rx_alloc_peek
 .text.ull_pdu_rx_alloc
                0x000000000001e56c       0x2c zephyr/subsys/bluetooth/controller/libsubsys__bluetooth__controller.a(ull.c.obj)
                0x000000000001e56c                ull_pdu_rx_alloc
 .text.ull_rx_put
                0x000000000001e598       0x20 zephyr/subsys/bluetooth/controller/libsubsys__bluetooth__controller.a(ull.c.obj)
                0x000000000001e598                ull_rx_put
 .text.ull_rx_sched
                0x000000000001e5b8       0x10 zephyr/subsys/bluetooth/controller/libsubsys__bluetooth__controller.a(ull.c.obj)
                0x000000000001e5b8                ull_rx_sched
 .text.ull_prepare_enqueue
                0x000000000001e5c8       0x64 zephyr/subsys/bluetooth/controller/libsubsys__bluetooth__controller.a(ull.c.obj)
                0x000000000001e5c8                ull_prepare_enqueue
 .text.ull_prepare_dequeue_get
                0x000000000001e62c       0x1c zephyr/subsys/bluetooth/controller/libsubsys__bluetooth__controller.a(ull.c.obj)
                0x000000000001e62c                ull_prepare_dequeue_get
 .text.rx_demux
                0x000000000001e648      0x228 zephyr/subsys/bluetooth/controller/libsubsys__bluetooth__controller.a(ull.c.obj)
 .text.ull_prepare_dequeue_iter
                0x000000000001e870       0x3c zephyr/subsys/bluetooth/controller/libsubsys__bluetooth__controller.a(ull.c.obj)
                0x000000000001e870                ull_prepare_dequeue_iter
 .text.ull_event_done_extra_get
                0x000000000001e8ac       0x20 zephyr/subsys/bluetooth/controller/libsubsys__bluetooth__controller.a(ull.c.obj)
                0x000000000001e8ac                ull_event_done_extra_get
 .text.ull_event_done
                0x000000000001e8cc       0x48 zephyr/subsys/bluetooth/controller/libsubsys__bluetooth__controller.a(ull.c.obj)
                0x000000000001e8cc                ull_event_done
 .text.lll_chan_sel_2
                0x000000000001e914       0xa4 zephyr/subsys/bluetooth/controller/libsubsys__bluetooth__controller.a(lll_chan.c.obj)
                0x000000000001e914                lll_chan_sel_2
 .text.rtc0_nrf5_isr
                0x000000000001e9b8       0x28 zephyr/subsys/bluetooth/controller/libsubsys__bluetooth__controller.a(lll.c.obj)
 .text.prepare  0x000000000001e9e0      0x104 zephyr/subsys/bluetooth/controller/libsubsys__bluetooth__controller.a(lll.c.obj)
 .text.preempt  0x000000000001eae4       0xec zephyr/subsys/bluetooth/controller/libsubsys__bluetooth__controller.a(lll.c.obj)
 .text.ticker_start_op_cb
                0x000000000001ebd0       0x20 zephyr/subsys/bluetooth/controller/libsubsys__bluetooth__controller.a(lll.c.obj)
 .text.preempt_ticker_cb
                0x000000000001ebf0       0x2c zephyr/subsys/bluetooth/controller/libsubsys__bluetooth__controller.a(lll.c.obj)
 .text.lll_init
                0x000000000001ec1c       0x84 zephyr/subsys/bluetooth/controller/libsubsys__bluetooth__controller.a(lll.c.obj)
                0x000000000001ec1c                lll_init
 .text.lll_entropy_get
                0x000000000001eca0       0x24 zephyr/subsys/bluetooth/controller/libsubsys__bluetooth__controller.a(lll.c.obj)
                0x000000000001eca0                lll_entropy_get
 .text.lll_resume
                0x000000000001ecc4       0x3c zephyr/subsys/bluetooth/controller/libsubsys__bluetooth__controller.a(lll.c.obj)
                0x000000000001ecc4                lll_resume
 .text.lll_disable
                0x000000000001ed00       0x70 zephyr/subsys/bluetooth/controller/libsubsys__bluetooth__controller.a(lll.c.obj)
                0x000000000001ed00                lll_disable
 .text.lll_done
                0x000000000001ed70       0x74 zephyr/subsys/bluetooth/controller/libsubsys__bluetooth__controller.a(lll.c.obj)
                0x000000000001ed70                lll_done
 .text.lll_is_done
                0x000000000001ede4       0x10 zephyr/subsys/bluetooth/controller/libsubsys__bluetooth__controller.a(lll.c.obj)
                0x000000000001ede4                lll_is_done
 .text.lll_clk_on
                0x000000000001edf4        0xc zephyr/subsys/bluetooth/controller/libsubsys__bluetooth__controller.a(lll.c.obj)
                0x000000000001edf4                lll_clk_on
 .text.lll_clk_off
                0x000000000001ee00       0x10 zephyr/subsys/bluetooth/controller/libsubsys__bluetooth__controller.a(lll.c.obj)
                0x000000000001ee00                lll_clk_off
 .text.lll_chan_set
                0x000000000001ee10       0x54 zephyr/subsys/bluetooth/controller/libsubsys__bluetooth__controller.a(lll.c.obj)
                0x000000000001ee10                lll_chan_set
 .text.disabled_cb
                0x000000000001ee64       0x80 zephyr/subsys/bluetooth/controller/libsubsys__bluetooth__controller.a(ull_adv.c.obj)
 .text.ticker_cb
                0x000000000001eee4       0xe4 zephyr/subsys/bluetooth/controller/libsubsys__bluetooth__controller.a(ull_adv.c.obj)
 .text.conn_release
                0x000000000001efc8       0x6c zephyr/subsys/bluetooth/controller/libsubsys__bluetooth__controller.a(ull_adv.c.obj)
 .text.ticker_op_stop_cb
                0x000000000001f034       0x74 zephyr/subsys/bluetooth/controller/libsubsys__bluetooth__controller.a(ull_adv.c.obj)
 .text.ticker_op_update_cb
                0x000000000001f0a8       0x28 zephyr/subsys/bluetooth/controller/libsubsys__bluetooth__controller.a(ull_adv.c.obj)
 .text.ticker_stop_cb
                0x000000000001f0d0       0x60 zephyr/subsys/bluetooth/controller/libsubsys__bluetooth__controller.a(ull_adv.c.obj)
 .text.ll_adv_params_set
                0x000000000001f130      0x120 zephyr/subsys/bluetooth/controller/libsubsys__bluetooth__controller.a(ull_adv.c.obj)
                0x000000000001f130                ll_adv_params_set
 .text.ll_adv_data_set
                0x000000000001f250       0xb0 zephyr/subsys/bluetooth/controller/libsubsys__bluetooth__controller.a(ull_adv.c.obj)
                0x000000000001f250                ll_adv_data_set
 .text.ll_adv_scan_rsp_set
                0x000000000001f300       0x84 zephyr/subsys/bluetooth/controller/libsubsys__bluetooth__controller.a(ull_adv.c.obj)
                0x000000000001f300                ll_adv_scan_rsp_set
 .text.ull_adv_handle_get
                0x000000000001f384       0x14 zephyr/subsys/bluetooth/controller/libsubsys__bluetooth__controller.a(ull_adv.c.obj)
                0x000000000001f384                ull_adv_handle_get
 .text.ull_adv_lll_handle_get
                0x000000000001f398       0x14 zephyr/subsys/bluetooth/controller/libsubsys__bluetooth__controller.a(ull_adv.c.obj)
                0x000000000001f398                ull_adv_lll_handle_get
 .text.ull_adv_is_enabled_get
                0x000000000001f3ac       0x1c zephyr/subsys/bluetooth/controller/libsubsys__bluetooth__controller.a(ull_adv.c.obj)
                0x000000000001f3ac                ull_adv_is_enabled_get
 .text.disable.constprop.5
                0x000000000001f3c8       0xf8 zephyr/subsys/bluetooth/controller/libsubsys__bluetooth__controller.a(ull_adv.c.obj)
 .text.isr_cleanup
                0x000000000001f4c0       0x3c zephyr/subsys/bluetooth/controller/libsubsys__bluetooth__controller.a(lll_adv.c.obj)
 .text.isr_tx   0x000000000001f4fc       0x90 zephyr/subsys/bluetooth/controller/libsubsys__bluetooth__controller.a(lll_adv.c.obj)
 .text.is_abort_cb
                0x000000000001f58c       0x60 zephyr/subsys/bluetooth/controller/libsubsys__bluetooth__controller.a(lll_adv.c.obj)
 .text.abort_cb
                0x000000000001f5ec       0x44 zephyr/subsys/bluetooth/controller/libsubsys__bluetooth__controller.a(lll_adv.c.obj)
 .text.isr_rx   0x000000000001f630      0x2b4 zephyr/subsys/bluetooth/controller/libsubsys__bluetooth__controller.a(lll_adv.c.obj)
 .text.chan_prepare
                0x000000000001f8e4       0xf4 zephyr/subsys/bluetooth/controller/libsubsys__bluetooth__controller.a(lll_adv.c.obj)
 .text.prepare_cb
                0x000000000001f9d8      0x110 zephyr/subsys/bluetooth/controller/libsubsys__bluetooth__controller.a(lll_adv.c.obj)
 .text.lll_adv_prepare
                0x000000000001fae8       0x5c zephyr/subsys/bluetooth/controller/libsubsys__bluetooth__controller.a(lll_adv.c.obj)
                0x000000000001fae8                lll_adv_prepare
 .text.ticker_cb
                0x000000000001fb44       0x98 zephyr/subsys/bluetooth/controller/libsubsys__bluetooth__controller.a(ull_scan.c.obj)
 .text.ull_scan_disable
                0x000000000001fbdc       0xac zephyr/subsys/bluetooth/controller/libsubsys__bluetooth__controller.a(ull_scan.c.obj)
                0x000000000001fbdc                ull_scan_disable
 .text.ull_scan_handle_get
                0x000000000001fc88       0x14 zephyr/subsys/bluetooth/controller/libsubsys__bluetooth__controller.a(ull_scan.c.obj)
                0x000000000001fc88                ull_scan_handle_get
 .text.ull_scan_lll_handle_get
                0x000000000001fc9c       0x14 zephyr/subsys/bluetooth/controller/libsubsys__bluetooth__controller.a(ull_scan.c.obj)
                0x000000000001fc9c                ull_scan_lll_handle_get
 .text.ull_scan_is_enabled_get
                0x000000000001fcb0       0x1c zephyr/subsys/bluetooth/controller/libsubsys__bluetooth__controller.a(ull_scan.c.obj)
                0x000000000001fcb0                ull_scan_is_enabled_get
 .text.ull_scan_is_disabled_get
                0x000000000001fccc       0x1c zephyr/subsys/bluetooth/controller/libsubsys__bluetooth__controller.a(ull_scan.c.obj)
                0x000000000001fccc                ull_scan_is_disabled_get
 .text.ticker_stop_cb
                0x000000000001fce8       0x18 zephyr/subsys/bluetooth/controller/libsubsys__bluetooth__controller.a(lll_scan.c.obj)
 .text.prepare_cb
                0x000000000001fd00      0x1c0 zephyr/subsys/bluetooth/controller/libsubsys__bluetooth__controller.a(lll_scan.c.obj)
 .text.isr_common_done
                0x000000000001fec0       0x80 zephyr/subsys/bluetooth/controller/libsubsys__bluetooth__controller.a(lll_scan.c.obj)
 .text.isr_tx   0x000000000001ff40       0xb0 zephyr/subsys/bluetooth/controller/libsubsys__bluetooth__controller.a(lll_scan.c.obj)
 .text.ticker_op_start_cb
                0x000000000001fff0       0x1c zephyr/subsys/bluetooth/controller/libsubsys__bluetooth__controller.a(lll_scan.c.obj)
 .text.abort_cb
                0x000000000002000c       0x44 zephyr/subsys/bluetooth/controller/libsubsys__bluetooth__controller.a(lll_scan.c.obj)
 .text.is_abort_cb
                0x0000000000020050       0x78 zephyr/subsys/bluetooth/controller/libsubsys__bluetooth__controller.a(lll_scan.c.obj)
 .text.isr_cleanup
                0x00000000000200c8       0x68 zephyr/subsys/bluetooth/controller/libsubsys__bluetooth__controller.a(lll_scan.c.obj)
 .text.lll_scan_prepare
                0x0000000000020130       0x5c zephyr/subsys/bluetooth/controller/libsubsys__bluetooth__controller.a(lll_scan.c.obj)
                0x0000000000020130                lll_scan_prepare
 .text.pdu_len_cmp
                0x000000000002018c       0x3c zephyr/subsys/bluetooth/controller/libsubsys__bluetooth__controller.a(ull_conn.c.obj)
 .text.ticker_update_latency_cancel_op_cb
                0x00000000000201c8       0x2c zephyr/subsys/bluetooth/controller/libsubsys__bluetooth__controller.a(ull_conn.c.obj)
 .text.init_reset
                0x00000000000201f4       0x78 zephyr/subsys/bluetooth/controller/libsubsys__bluetooth__controller.a(ull_conn.c.obj)
 .text.ticker_op_stop_cb
                0x000000000002026c       0x48 zephyr/subsys/bluetooth/controller/libsubsys__bluetooth__controller.a(ull_conn.c.obj)
 .text.ticker_start_conn_op_cb.part.15
                0x00000000000202b4       0x1c zephyr/subsys/bluetooth/controller/libsubsys__bluetooth__controller.a(ull_conn.c.obj)
 .text.ticker_start_conn_op_cb
                0x00000000000202d0       0x30 zephyr/subsys/bluetooth/controller/libsubsys__bluetooth__controller.a(ull_conn.c.obj)
 .text.ticker_stop_conn_op_cb
                0x0000000000020300       0x30 zephyr/subsys/bluetooth/controller/libsubsys__bluetooth__controller.a(ull_conn.c.obj)
 .text.ticker_update_conn_op_cb
                0x0000000000020330       0x30 zephyr/subsys/bluetooth/controller/libsubsys__bluetooth__controller.a(ull_conn.c.obj)
 .text.tx_lll_flush
                0x0000000000020360       0xc4 zephyr/subsys/bluetooth/controller/libsubsys__bluetooth__controller.a(ull_conn.c.obj)
 .text.ctrl_tx_pause_enqueue
                0x0000000000020424       0x74 zephyr/subsys/bluetooth/controller/libsubsys__bluetooth__controller.a(ull_conn.c.obj)
 .text.feature_rsp_send.isra.13
                0x0000000000020498       0x8c zephyr/subsys/bluetooth/controller/libsubsys__bluetooth__controller.a(ull_conn.c.obj)
 .text.reject_ext_ind_send.isra.8
                0x0000000000020524       0x44 zephyr/subsys/bluetooth/controller/libsubsys__bluetooth__controller.a(ull_conn.c.obj)
 .text.ll_conn_acquire
                0x0000000000020568        0xc zephyr/subsys/bluetooth/controller/libsubsys__bluetooth__controller.a(ull_conn.c.obj)
                0x0000000000020568                ll_conn_acquire
 .text.ll_conn_release
                0x0000000000020574        0xc zephyr/subsys/bluetooth/controller/libsubsys__bluetooth__controller.a(ull_conn.c.obj)
                0x0000000000020574                ll_conn_release
 .text.ll_conn_handle_get
                0x0000000000020580       0x10 zephyr/subsys/bluetooth/controller/libsubsys__bluetooth__controller.a(ull_conn.c.obj)
                0x0000000000020580                ll_conn_handle_get
 .text.ll_conn_get
                0x0000000000020590       0x10 zephyr/subsys/bluetooth/controller/libsubsys__bluetooth__controller.a(ull_conn.c.obj)
                0x0000000000020590                ll_conn_get
 .text.ll_tx_mem_acquire
                0x00000000000205a0        0xc zephyr/subsys/bluetooth/controller/libsubsys__bluetooth__controller.a(ull_conn.c.obj)
                0x00000000000205a0                ll_tx_mem_acquire
 .text.ll_tx_mem_release
                0x00000000000205ac        0xc zephyr/subsys/bluetooth/controller/libsubsys__bluetooth__controller.a(ull_conn.c.obj)
                0x00000000000205ac                ll_tx_mem_release
 .text.ll_tx_mem_enqueue
                0x00000000000205b8       0xb8 zephyr/subsys/bluetooth/controller/libsubsys__bluetooth__controller.a(ull_conn.c.obj)
                0x00000000000205b8                ll_tx_mem_enqueue
 .text.ll_length_default_get
                0x0000000000020670       0x18 zephyr/subsys/bluetooth/controller/libsubsys__bluetooth__controller.a(ull_conn.c.obj)
                0x0000000000020670                ll_length_default_get
 .text.ll_length_default_set
                0x0000000000020688       0x14 zephyr/subsys/bluetooth/controller/libsubsys__bluetooth__controller.a(ull_conn.c.obj)
                0x0000000000020688                ll_length_default_set
 .text.ll_phy_default_set
                0x000000000002069c       0x14 zephyr/subsys/bluetooth/controller/libsubsys__bluetooth__controller.a(ull_conn.c.obj)
                0x000000000002069c                ll_phy_default_set
 .text.ull_conn_init
                0x00000000000206b0       0x24 zephyr/subsys/bluetooth/controller/libsubsys__bluetooth__controller.a(ull_conn.c.obj)
                0x00000000000206b0                ull_conn_init
 .text.ull_conn_reset
                0x00000000000206d4       0xe0 zephyr/subsys/bluetooth/controller/libsubsys__bluetooth__controller.a(ull_conn.c.obj)
                0x00000000000206d4                ull_conn_reset
 .text.ull_conn_chan_map_cpy
                0x00000000000207b4       0x18 zephyr/subsys/bluetooth/controller/libsubsys__bluetooth__controller.a(ull_conn.c.obj)
                0x00000000000207b4                ull_conn_chan_map_cpy
 .text.ull_conn_chan_map_set
                0x00000000000207cc       0x24 zephyr/subsys/bluetooth/controller/libsubsys__bluetooth__controller.a(ull_conn.c.obj)
                0x00000000000207cc                ull_conn_chan_map_set
 .text.ull_conn_default_tx_octets_get
                0x00000000000207f0        0xc zephyr/subsys/bluetooth/controller/libsubsys__bluetooth__controller.a(ull_conn.c.obj)
                0x00000000000207f0                ull_conn_default_tx_octets_get
 .text.ull_conn_default_tx_time_get
                0x00000000000207fc        0xc zephyr/subsys/bluetooth/controller/libsubsys__bluetooth__controller.a(ull_conn.c.obj)
                0x00000000000207fc                ull_conn_default_tx_time_get
 .text.ull_conn_default_phy_tx_get
                0x0000000000020808        0xc zephyr/subsys/bluetooth/controller/libsubsys__bluetooth__controller.a(ull_conn.c.obj)
                0x0000000000020808                ull_conn_default_phy_tx_get
 .text.ull_conn_default_phy_rx_get
                0x0000000000020814        0xc zephyr/subsys/bluetooth/controller/libsubsys__bluetooth__controller.a(ull_conn.c.obj)
                0x0000000000020814                ull_conn_default_phy_rx_get
 .text.ull_conn_setup
                0x0000000000020820       0x3c zephyr/subsys/bluetooth/controller/libsubsys__bluetooth__controller.a(ull_conn.c.obj)
                0x0000000000020820                ull_conn_setup
 .text.ull_conn_rx
                0x000000000002085c     0x14f4 zephyr/subsys/bluetooth/controller/libsubsys__bluetooth__controller.a(ull_conn.c.obj)
                0x000000000002085c                ull_conn_rx
 .text.ull_conn_tx_demux
                0x0000000000021d50       0x8c zephyr/subsys/bluetooth/controller/libsubsys__bluetooth__controller.a(ull_conn.c.obj)
                0x0000000000021d50                ull_conn_tx_demux
 .text.conn_cleanup
                0x0000000000021ddc       0xc0 zephyr/subsys/bluetooth/controller/libsubsys__bluetooth__controller.a(ull_conn.c.obj)
 .text.ull_conn_done
                0x0000000000021e9c      0x28c zephyr/subsys/bluetooth/controller/libsubsys__bluetooth__controller.a(ull_conn.c.obj)
                0x0000000000021e9c                ull_conn_done
 .text.ull_conn_tx_lll_enqueue
                0x0000000000022128      0x160 zephyr/subsys/bluetooth/controller/libsubsys__bluetooth__controller.a(ull_conn.c.obj)
                0x0000000000022128                ull_conn_tx_lll_enqueue
 .text.ull_conn_link_tx_release
                0x0000000000022288        0xc zephyr/subsys/bluetooth/controller/libsubsys__bluetooth__controller.a(ull_conn.c.obj)
                0x0000000000022288                ull_conn_link_tx_release
 .text.ull_conn_ack_last_idx_get
                0x0000000000022294        0xc zephyr/subsys/bluetooth/controller/libsubsys__bluetooth__controller.a(ull_conn.c.obj)
                0x0000000000022294                ull_conn_ack_last_idx_get
 .text.ull_conn_ack_peek
                0x00000000000222a0       0x30 zephyr/subsys/bluetooth/controller/libsubsys__bluetooth__controller.a(ull_conn.c.obj)
                0x00000000000222a0                ull_conn_ack_peek
 .text.ull_conn_ack_by_last_peek
                0x00000000000222d0       0x2c zephyr/subsys/bluetooth/controller/libsubsys__bluetooth__controller.a(ull_conn.c.obj)
                0x00000000000222d0                ull_conn_ack_by_last_peek
 .text.ull_conn_ack_dequeue
                0x00000000000222fc       0x2c zephyr/subsys/bluetooth/controller/libsubsys__bluetooth__controller.a(ull_conn.c.obj)
                0x00000000000222fc                ull_conn_ack_dequeue
 .text.ull_conn_lll_ack_enqueue
                0x0000000000022328       0x4c zephyr/subsys/bluetooth/controller/libsubsys__bluetooth__controller.a(ull_conn.c.obj)
                0x0000000000022328                ull_conn_lll_ack_enqueue
 .text.ull_conn_tx_ack
                0x0000000000022374      0x288 zephyr/subsys/bluetooth/controller/libsubsys__bluetooth__controller.a(ull_conn.c.obj)
                0x0000000000022374                ull_conn_tx_ack
 .text.lll_clock_wait
                0x00000000000225fc       0x58 zephyr/subsys/bluetooth/controller/libsubsys__bluetooth__controller.a(lll_clock.c.obj)
                0x00000000000225fc                lll_clock_wait
 .text.isr_cleanup
                0x0000000000022654       0x3c zephyr/subsys/bluetooth/controller/libsubsys__bluetooth__controller.a(lll_conn.c.obj)
 .text.isr_done
                0x0000000000022690       0xa0 zephyr/subsys/bluetooth/controller/libsubsys__bluetooth__controller.a(lll_conn.c.obj)
 .text.lll_conn_ppm_get
                0x0000000000022730        0xc zephyr/subsys/bluetooth/controller/libsubsys__bluetooth__controller.a(lll_conn.c.obj)
                0x0000000000022730                lll_conn_ppm_get
 .text.lll_conn_prepare_reset
                0x000000000002273c       0x24 zephyr/subsys/bluetooth/controller/libsubsys__bluetooth__controller.a(lll_conn.c.obj)
                0x000000000002273c                lll_conn_prepare_reset
 .text.lll_conn_abort_cb
                0x0000000000022760       0x44 zephyr/subsys/bluetooth/controller/libsubsys__bluetooth__controller.a(lll_conn.c.obj)
                0x0000000000022760                lll_conn_abort_cb
 .text.lll_conn_rx_pkt_set
                0x00000000000227a4       0x74 zephyr/subsys/bluetooth/controller/libsubsys__bluetooth__controller.a(lll_conn.c.obj)
                0x00000000000227a4                lll_conn_rx_pkt_set
 .text.lll_conn_isr_tx
                0x0000000000022818       0xac zephyr/subsys/bluetooth/controller/libsubsys__bluetooth__controller.a(lll_conn.c.obj)
                0x0000000000022818                lll_conn_isr_tx
 .text.lll_conn_isr_rx
                0x00000000000228c4      0x38c zephyr/subsys/bluetooth/controller/libsubsys__bluetooth__controller.a(lll_conn.c.obj)
                0x00000000000228c4                lll_conn_isr_rx
 .text.ticker_op_cb
                0x0000000000022c50       0x1c zephyr/subsys/bluetooth/controller/libsubsys__bluetooth__controller.a(ull_slave.c.obj)
 .text.ticker_op_stop_adv_cb
                0x0000000000022c6c       0x28 zephyr/subsys/bluetooth/controller/libsubsys__bluetooth__controller.a(ull_slave.c.obj)
 .text.ull_slave_ticker_cb
                0x0000000000022c94       0x84 zephyr/subsys/bluetooth/controller/libsubsys__bluetooth__controller.a(ull_slave.c.obj)
                0x0000000000022c94                ull_slave_ticker_cb
 .text.prepare_cb
                0x0000000000022d18      0x1b0 zephyr/subsys/bluetooth/controller/libsubsys__bluetooth__controller.a(lll_slave.c.obj)
 .text.lll_slave_prepare
                0x0000000000022ec8       0x5c zephyr/subsys/bluetooth/controller/libsubsys__bluetooth__controller.a(lll_slave.c.obj)
                0x0000000000022ec8                lll_slave_prepare
 .text.ticker_op_cb